Archive member included to satisfy reference by file (symbol)

../app/libapp.a(ripe_attack_generator.c.obj)
                              (--whole-archive)
libzephyr.a(isr_tables.c.obj)
                              (--whole-archive)
libzephyr.a(sw_isr_common.c.obj)
                              (--whole-archive)
libzephyr.a(cpu_idle.c.obj)   (--whole-archive)
libzephyr.a(fatal.c.obj)      (--whole-archive)
libzephyr.a(irq_manage.c.obj)
                              (--whole-archive)
libzephyr.a(irq_offload.c.obj)
                              (--whole-archive)
libzephyr.a(isr.S.obj)        (--whole-archive)
libzephyr.a(prep_c.c.obj)     (--whole-archive)
libzephyr.a(reset.S.obj)      (--whole-archive)
libzephyr.a(swap.S.obj)       (--whole-archive)
libzephyr.a(thread.c.obj)     (--whole-archive)
libzephyr.a(crc32_sw.c.obj)   (--whole-archive)
libzephyr.a(crc16_sw.c.obj)   (--whole-archive)
libzephyr.a(crc8_sw.c.obj)    (--whole-archive)
libzephyr.a(crc7_sw.c.obj)    (--whole-archive)
libzephyr.a(fdtable.c.obj)    (--whole-archive)
libzephyr.a(mempool.c.obj)    (--whole-archive)
libzephyr.a(rb.c.obj)         (--whole-archive)
libzephyr.a(thread_entry.c.obj)
                              (--whole-archive)
libzephyr.a(work_q.c.obj)     (--whole-archive)
libzephyr.a(printk.c.obj)     (--whole-archive)
libzephyr.a(configs.c.obj)    (--whole-archive)
libzephyr.a(idle.c.obj)       (--whole-archive)
libzephyr.a(soc_irq.S.obj)    (--whole-archive)
libzephyr.a(soc_common_irq.c.obj)
                              (--whole-archive)
libzephyr.a(vector.S.obj)     (--whole-archive)
libzephyr.a(uart_console.c.obj)
                              (--whole-archive)
libzephyr.a(sys_clock_init.c.obj)
                              (--whole-archive)
libzephyr.a(riscv_machine_timer.c.obj)
                              (--whole-archive)
lib/libc/newlib/liblib__libc__newlib.a(libc-hooks.c.obj)
                              (--whole-archive)
drivers/serial/libdrivers__serial.a(uart_pulserain_rattlesnake.c.obj)
                              (--whole-archive)
kernel/libkernel.a(device.c.obj)
                              libzephyr.a(uart_console.c.obj) (z_impl_device_get_binding)
kernel/libkernel.a(errno.c.obj)
                              lib/libc/newlib/liblib__libc__newlib.a(libc-hooks.c.obj) (z_impl_z_errno)
kernel/libkernel.a(init.c.obj)
                              libzephyr.a(prep_c.c.obj) (z_bss_zero)
kernel/libkernel.a(mutex.c.obj)
                              libzephyr.a(fdtable.c.obj) (z_impl_k_mutex_lock)
kernel/libkernel.a(queue.c.obj)
                              libzephyr.a(work_q.c.obj) (z_impl_k_queue_init)
kernel/libkernel.a(sched.c.obj)
                              kernel/libkernel.a(queue.c.obj) (z_reschedule)
kernel/libkernel.a(thread.c.obj)
                              libzephyr.a(fatal.c.obj) (k_is_in_isr)
kernel/libkernel.a(thread_abort.c.obj)
                              libzephyr.a(fatal.c.obj) (z_impl_k_thread_abort)
kernel/libkernel.a(timeout.c.obj)
                              kernel/libkernel.a(sched.c.obj) (z_add_timeout)
kernel/libkernel.a(atomic_c.c.obj)
                              libzephyr.a(work_q.c.obj) (z_impl_atomic_and)
kernel/libkernel.a(idle.c.obj)
                              kernel/libkernel.a(init.c.obj) (idle)
kernel/libkernel.a(mempool.c.obj)
                              kernel/libkernel.a(queue.c.obj) (k_free)
/opt/zephyr-sdk/riscv32-zephyr-elf/bin/../lib/gcc/riscv32-zephyr-elf/8.3.0/libgcc.a(_ctzsi2.o)
                              kernel/libkernel.a(sched.c.obj) (__ctzsi2)
/opt/zephyr-sdk/riscv32-zephyr-elf/bin/../lib/gcc/riscv32-zephyr-elf/8.3.0/libgcc.a(_udivdi3.o)
                              libzephyr.a(riscv_machine_timer.c.obj) (__udivdi3)
/opt/zephyr-sdk/riscv32-zephyr-elf/bin/../lib/gcc/riscv32-zephyr-elf/8.3.0/libgcc.a(_clz.o)
                              /opt/zephyr-sdk/riscv32-zephyr-elf/bin/../lib/gcc/riscv32-zephyr-elf/8.3.0/libgcc.a(_ctzsi2.o) (__clz_tab)
/opt/zephyr-sdk/riscv32-zephyr-elf/riscv32-zephyr-elf/lib/./libc.a(lib_a-exit.o)
                              ../app/libapp.a(ripe_attack_generator.c.obj) (exit)
/opt/zephyr-sdk/riscv32-zephyr-elf/riscv32-zephyr-elf/lib/./libc.a(lib_a-impure.o)
                              /opt/zephyr-sdk/riscv32-zephyr-elf/riscv32-zephyr-elf/lib/./libc.a(lib_a-exit.o) (_global_impure_ptr)
/opt/zephyr-sdk/riscv32-zephyr-elf/riscv32-zephyr-elf/lib/./libc.a(lib_a-malloc.o)
                              ../app/libapp.a(ripe_attack_generator.c.obj) (malloc)
/opt/zephyr-sdk/riscv32-zephyr-elf/riscv32-zephyr-elf/lib/./libc.a(lib_a-memcpy.o)
                              ../app/libapp.a(ripe_attack_generator.c.obj) (memcpy)
/opt/zephyr-sdk/riscv32-zephyr-elf/riscv32-zephyr-elf/lib/./libc.a(lib_a-memset.o)
                              ../app/libapp.a(ripe_attack_generator.c.obj) (memset)
/opt/zephyr-sdk/riscv32-zephyr-elf/riscv32-zephyr-elf/lib/./libc.a(lib_a-nano-freer.o)
[...]
Memory Configuration

Name             Origin             Length             Attributes
RAM              0x0000000080040000 0x0000000000040000 xrw
IDT_LIST         0x00000000fffff7ff 0x0000000000000800 xw
*default*        0x0000000000000000 0xffffffffffffffff

Linker script and memory map

LOAD CMakeFiles/kernel_elf.dir/misc/empty_file.c.obj
LOAD CMakeFiles/kernel_elf.dir/isr_tables.c.obj
LOAD ../app/libapp.a
LOAD libzephyr.a
LOAD lib/libc/newlib/liblib__libc__newlib.a
LOAD drivers/serial/libdrivers__serial.a
LOAD kernel/libkernel.a
LOAD CMakeFiles/offsets.dir/arch/riscv32/core/offsets/offsets.c.obj
LOAD /opt/zephyr-sdk/riscv32-zephyr-elf/bin/../lib/gcc/riscv32-zephyr-elf/8.3.0/libgcc.a
LOAD /opt/zephyr-sdk/riscv32-zephyr-elf/riscv32-zephyr-elf/lib/./libm.a
LOAD /opt/zephyr-sdk/riscv32-zephyr-elf/riscv32-zephyr-elf/lib/./libc.a
LOAD /opt/zephyr-sdk/riscv32-zephyr-elf/bin/../lib/gcc/riscv32-zephyr-elf/8.3.0/libgcc.a

.rel.plt        0x0000000000000000        0x0
 *(SORT_BY_ALIGNMENT(.rel.plt))
                [!provide]                        PROVIDE (__rel_iplt_start = .)
 *(SORT_BY_ALIGNMENT(.rel.iplt))
                [!provide]                        PROVIDE (__rel_iplt_end = .)

.rela.plt       0x0000000000000000        0x0
 *(SORT_BY_ALIGNMENT(.rela.plt))
                [!provide]                        PROVIDE (__rela_iplt_start = .)
 *(SORT_BY_ALIGNMENT(.rela.iplt))
                [!provide]                        PROVIDE (__rela_iplt_end = .)

.rel.dyn
 *(SORT_BY_ALIGNMENT(.rel.*))

.rela.dyn       0x0000000080040000        0x0
 *(SORT_BY_ALIGNMENT(.rela.*))
 .rela.text.z_NanoFatalErrorHandler
                0x0000000080040000        0x0 CMakeFiles/kernel_elf.dir/isr_tables.c.obj
 .rela.exception.entry.__irq_wrapper
                0x0000000080040000        0x0 CMakeFiles/kernel_elf.dir/isr_tables.c.obj
 .rela.sdata._char_out
                0x0000000080040000        0x0 CMakeFiles/kernel_elf.dir/isr_tables.c.obj
 .rela.text._sbrk
                0x0000000080040000        0x0 CMakeFiles/kernel_elf.dir/isr_tables.c.obj
 .rela.text.z_impl_device_get_binding
                0x0000000080040000        0x0 CMakeFiles/kernel_elf.dir/isr_tables.c.obj
 .rela.rodata.config_levels.4974
                0x0000000080040000        0x0 CMakeFiles/kernel_elf.dir/isr_tables.c.obj
 .rela.text.z_bss_zero
                0x0000000080040000        0x0 CMakeFiles/kernel_elf.dir/isr_tables.c.obj
 .rela.text.z_init_static_threads
                0x0000000080040000        0x0 CMakeFiles/kernel_elf.dir/isr_tables.c.obj
 .rela.text.init_static_pools
                0x0000000080040000        0x0 CMakeFiles/kernel_elf.dir/isr_tables.c.obj
 .rela.text     0x0000000080040000        0x0 CMakeFiles/kernel_elf.dir/isr_tables.c.obj

.plt
 *(SORT_BY_ALIGNMENT(.plt))

.iplt
 *(SORT_BY_ALIGNMENT(.iplt))
                0x0000000000000000                _image_rom_start = .

vector          0x0000000080040000       0x12
                0x0000000080040000                . = ALIGN (0x4)
 *(SORT_BY_ALIGNMENT(.vectors.*))
 .vectors.__start
                0x0000000080040000       0x12 libzephyr.a(vector.S.obj)
                0x0000000080040000                __start

reset           0x0000000080040014        0x6
 *(SORT_BY_ALIGNMENT(.reset.*))
 .reset.__reset
                0x0000000080040014        0x6 libzephyr.a(reset.S.obj)
                0x0000000080040014                __reset

exceptions      0x000000008004001c      0x1fa
 *(SORT_BY_ALIGNMENT(.exception.entry.*))
 .exception.entry.__irq_wrapper
                0x000000008004001c      0x1aa libzephyr.a(isr.S.obj)
                0x000000008004001c                __irq_wrapper
 *(SORT_BY_ALIGNMENT(.exception.other.*))
 *fill*         0x00000000800401c6        0x2 
 .exception.other.__swap
                0x00000000800401c8       0x22 libzephyr.a(swap.S.obj)
                0x00000000800401c8                __swap
 *fill*         0x00000000800401ea        0x2 
 .exception.other.__soc_handle_irq
                0x00000000800401ec        0xe libzephyr.a(soc_irq.S.obj)
                0x00000000800401ec                __soc_handle_irq
 *fill*         0x00000000800401fa        0x2 
 .exception.other.__soc_is_irq
                0x00000000800401fc       0x1a libzephyr.a(soc_irq.S.obj)
                0x00000000800401fc                __soc_is_irq

text            0x0000000080040218     0x4e88
                0x0000000080040218                . = ALIGN (0x4)
 *(SORT_BY_ALIGNMENT(.openocd_debug))
 *(SORT_BY_ALIGNMENT(.openocd_debug.*))
                0x0000000080040218                _image_text_start = .
 *(SORT_BY_ALIGNMENT(.text))
 .text          0x0000000080040218      0x434 /opt/zephyr-sdk/riscv32-zephyr-elf/bin/../lib/gcc/riscv32-zephyr-elf/8.3.0/libgcc.a(_udivdi3.o)
                0x0000000080040218                __udivdi3
 .text          0x000000008004064c       0x44 /opt/zephyr-sdk/riscv32-zephyr-elf/riscv32-zephyr-elf/lib/./libc.a(lib_a-exit.o)
                0x000000008004064c                exit
 .text          0x0000000080040690       0x20 /opt/zephyr-sdk/riscv32-zephyr-elf/riscv32-zephyr-elf/lib/./libc.a(lib_a-malloc.o)
                0x0000000080040690                malloc
                0x00000000800406a0                free
 .text          0x00000000800406b0       0xd8 /opt/zephyr-sdk/riscv32-zephyr-elf/riscv32-zephyr-elf/lib/./libc.a(lib_a-memcpy.o)
                0x00000000800406b0                memcpy
 .text          0x0000000080040788       0xdc /opt/zephyr-sdk/riscv32-zephyr-elf/riscv32-zephyr-elf/lib/./libc.a(lib_a-memset.o)
                0x0000000080040788                memset
 .text          0x0000000080040864      0x10c /opt/zephyr-sdk/riscv32-zephyr-elf/riscv32-zephyr-elf/lib/./libc.a(lib_a-nano-freer.o)
                0x0000000080040864                _free_r
 .text          0x0000000080040970      0x150 /opt/zephyr-sdk/riscv32-zephyr-elf/riscv32-zephyr-elf/lib/./libc.a(lib_a-nano-mallocr.o)
                0x0000000080040970                _malloc_r
 .text          0x0000000080040ac0       0x4c /opt/zephyr-sdk/riscv32-zephyr-elf/riscv32-zephyr-elf/lib/./libc.a(lib_a-sbrkr.o)
                0x0000000080040ac0                _sbrk_r
 .text          0x0000000080040b0c       0x84 /opt/zephyr-sdk/riscv32-zephyr-elf/riscv32-zephyr-elf/lib/./libc.a(lib_a-setjmp.o)
                0x0000000080040b0c                setjmp
                0x0000000080040b4c                longjmp
 .text          0x0000000080040b90      0x168 /opt/zephyr-sdk/riscv32-zephyr-elf/riscv32-zephyr-elf/lib/./libc.a(lib_a-snprintf.o)
                0x0000000080040b90                _sniprintf_r
                0x0000000080040b90                _snprintf_r
                0x0000000080040c40                snprintf
                0x0000000080040c40                sniprintf
 .text          0x0000000080040cf8       0x30 /opt/zephyr-sdk/riscv32-zephyr-elf/riscv32-zephyr-elf/lib/./libc.a(lib_a-strcat.o)
                0x0000000080040cf8                strcat
 .text          0x0000000080040d28       0x54 /opt/zephyr-sdk/riscv32-zephyr-elf/riscv32-zephyr-elf/lib/./libc.a(lib_a-strcat_chk.o)
                0x0000000080040d28                __strcat_chk
 .text          0x0000000080040d7c      0x17c /opt/zephyr-sdk/riscv32-zephyr-elf/riscv32-zephyr-elf/lib/./libc.a(lib_a-strcmp.o)
                0x0000000080040d7c                strcmp
 .text          0x0000000080040ef8       0x1c /opt/zephyr-sdk/riscv32-zephyr-elf/riscv32-zephyr-elf/lib/./libc.a(lib_a-strcpy.o)
                0x0000000080040ef8                strcpy
 .text          0x0000000080040f14       0x64 /opt/zephyr-sdk/riscv32-zephyr-elf/riscv32-zephyr-elf/lib/./libc.a(lib_a-strcpy_chk.o)
                0x0000000080040f14                __strcpy_chk
 .text          0x0000000080040f78       0x1c /opt/zephyr-sdk/riscv32-zephyr-elf/riscv32-zephyr-elf/lib/./libc.a(lib_a-strlen.o)
                0x0000000080040f78                strlen
 .text          0x0000000080040f94       0x48 /opt/zephyr-sdk/riscv32-zephyr-elf/riscv32-zephyr-elf/lib/./libc.a(lib_a-strncat.o)
                0x0000000080040f94                strncat
 .text          0x0000000080040fdc       0x60 /opt/zephyr-sdk/riscv32-zephyr-elf/riscv32-zephyr-elf/lib/./libc.a(lib_a-strncat_chk.o)
                0x0000000080040fdc                __strncat_chk
 .text          0x000000008004103c       0x38 /opt/zephyr-sdk/riscv32-zephyr-elf/riscv32-zephyr-elf/lib/./libc.a(lib_a-strncpy.o)
                0x000000008004103c                strncpy
 .text          0x0000000080041074      0x19c /opt/zephyr-sdk/riscv32-zephyr-elf/riscv32-zephyr-elf/lib/./libc.a(lib_a-strtoul.o)
                0x00000000800411dc                _strtoul_r
                0x00000000800411e0                strtoul_l
                0x00000000800411f8                strtoul
 .text          0x0000000080041210       0x44 /opt/zephyr-sdk/riscv32-zephyr-elf/riscv32-zephyr-elf/lib/./libc.a(lib_a-chk_fail.o)
                0x0000000080041210                __chk_fail
 .text          0x0000000080041254        0x8 /opt/zephyr-sdk/riscv32-zephyr-elf/riscv32-zephyr-elf/lib/./libc.a(lib_a-mlock.o)
                0x0000000080041254                __malloc_lock
                0x0000000080041258                __malloc_unlock
 .text          0x000000008004125c      0x6d8 /opt/zephyr-sdk/riscv32-zephyr-elf/riscv32-zephyr-elf/lib/./libc.a(lib_a-nano-svfprintf.o)
                0x000000008004125c                __ssputs_r
                0x00000000800413c4                __ssprint_r
                0x000000008004158c                _svfprintf_r
                0x000000008004158c                _svfiprintf_r
 .text          0x0000000080041934      0x578 /opt/zephyr-sdk/riscv32-zephyr-elf/riscv32-zephyr-elf/lib/./libc.a(lib_a-nano-vfprintf_i.o)
                0x0000000080041934                _printf_common
                0x0000000080041ae4                _printf_i
 .text          0x0000000080041eac      0x25c /opt/zephyr-sdk/riscv32-zephyr-elf/riscv32-zephyr-elf/lib/./libc.a(lib_a-signal.o)
                0x0000000080041eac                _init_signal_r
                0x0000000080041f0c                _signal_r
                0x0000000080041f84                _raise_r
                0x0000000080042034                __sigtramp_r
                0x00000000800420c8                raise
                0x00000000800420d8                signal
                0x00000000800420ec                _init_signal
                0x00000000800420f8                __sigtramp
 .text          0x0000000080042108       0x54 /opt/zephyr-sdk/riscv32-zephyr-elf/riscv32-zephyr-elf/lib/./libc.a(lib_a-signalr.o)
                0x0000000080042108                _kill_r
                0x0000000080042158                _getpid_r
 .text          0x000000008004215c       0x24 /opt/zephyr-sdk/riscv32-zephyr-elf/riscv32-zephyr-elf/lib/./libc.a(lib_a-memchr.o)
                0x000000008004215c                memchr
 .text          0x0000000080042180       0x5c /opt/zephyr-sdk/riscv32-zephyr-elf/riscv32-zephyr-elf/lib/./libc.a(lib_a-memmove.o)
                0x0000000080042180                memmove
 .text          0x00000000800421dc       0x98 /opt/zephyr-sdk/riscv32-zephyr-elf/riscv32-zephyr-elf/lib/./libc.a(lib_a-nano-reallocr.o)
                0x00000000800421dc                _realloc_r
 .text          0x0000000080042274       0x1c /opt/zephyr-sdk/riscv32-zephyr-elf/riscv32-zephyr-elf/lib/./libc.a(lib_a-nano-msizer.o)
                0x0000000080042274                _malloc_usable_size_r
 *(SORT_BY_ALIGNMENT(.text.*))
 .text.__initialize
                0x0000000080042290       0x2e libzephyr.a(reset.S.obj)
                0x0000000080042290                __initialize
 *fill*         0x00000000800422be        0x2 
 .text.z_thread_entry_wrapper
                0x00000000800422c0        0x6 libzephyr.a(swap.S.obj)
                0x00000000800422c0                z_thread_entry_wrapper
 .text.dummy_function
                0x00000000800422c6       0x18 ../app/libapp.a(ripe_attack_generator.c.obj)
                0x00000000800422c6                dummy_function
 .text.shellcode_target
                0x00000000800422de       0x16 ../app/libapp.a(ripe_attack_generator.c.obj)
                0x00000000800422de                shellcode_target
 .text.ret2libc_target
                0x00000000800422f4       0x16 ../app/libapp.a(ripe_attack_generator.c.obj)
                0x00000000800422f4                ret2libc_target
 .text.rop_target
                0x000000008004230a       0x16 ../app/libapp.a(ripe_attack_generator.c.obj)
                0x000000008004230a                rop_target
 .text.hex_to_bin
                0x0000000080042320       0x48 ../app/libapp.a(ripe_attack_generator.c.obj)
                0x0000000080042320                hex_to_bin
 .text.build_payload
                0x0000000080042368      0x168 ../app/libapp.a(ripe_attack_generator.c.obj)
                0x0000000080042368                build_payload
 .text.lj_func  0x00000000800424d0        0xc ../app/libapp.a(ripe_attack_generator.c.obj)
                0x00000000800424d0                lj_func
 .text.homebrew_memcpy
                0x00000000800424dc       0x18 ../app/libapp.a(ripe_attack_generator.c.obj)
                0x00000000800424dc                homebrew_memcpy
 .text.set_low_buf
                0x00000000800424f4       0x2c ../app/libapp.a(ripe_attack_generator.c.obj)
                0x00000000800424f4                set_low_buf
 .text.iof      0x0000000080042520       0x32 ../app/libapp.a(ripe_attack_generator.c.obj)
                0x0000000080042520                iof
 .text.dop_target
                0x0000000080042552       0x46 ../app/libapp.a(ripe_attack_generator.c.obj)
                0x0000000080042552                dop_target
 .text.data_leak
                0x0000000080042598       0x70 ../app/libapp.a(ripe_attack_generator.c.obj)
                0x0000000080042598                data_leak
 .text.hex_to_string
                0x0000000080042608       0x46 ../app/libapp.a(ripe_attack_generator.c.obj)
                0x0000000080042608                hex_to_string
 .text.format_instruction
                0x000000008004264e       0x3e ../app/libapp.a(ripe_attack_generator.c.obj)
                0x000000008004264e                format_instruction
 .text.build_shellcode
                0x000000008004268c      0x1ba ../app/libapp.a(ripe_attack_generator.c.obj)
                0x000000008004268c                build_shellcode
 .text.perform_attack
                0x0000000080042846      0xbec ../app/libapp.a(ripe_attack_generator.c.obj)
                0x0000000080042846                perform_attack
 .text.is_attack_possible
                0x0000000080043432      0x3de ../app/libapp.a(ripe_attack_generator.c.obj)
                0x0000000080043432                is_attack_possible
 .text.try_attack
                0x0000000080043810       0x28 ../app/libapp.a(ripe_attack_generator.c.obj)
                0x0000000080043810                try_attack
 .text.main     0x0000000080043838       0x5e ../app/libapp.a(ripe_attack_generator.c.obj)
                0x0000000080043838                main
 .text.cause_str
                0x0000000080043896       0x5c libzephyr.a(fatal.c.obj)
 .text.z_SysFatalErrorHandler
                0x00000000800438f2       0x60 libzephyr.a(fatal.c.obj)
                0x00000000800438f2                z_SysFatalErrorHandler
 .text.z_NanoFatalErrorHandler
                0x0000000080043952       0xae libzephyr.a(fatal.c.obj)
                0x0000000080043952                z_NanoFatalErrorHandler
 .text._Fault   0x0000000080043a00       0x30 libzephyr.a(fatal.c.obj)
                0x0000000080043a00                _Fault
 .text.z_irq_spurious
                0x0000000080043a30       0x28 libzephyr.a(irq_manage.c.obj)
                0x0000000080043a30                z_irq_spurious
 .text.z_irq_do_offload
                0x0000000080043a58       0x2e libzephyr.a(irq_offload.c.obj)
                0x0000000080043a58                z_irq_do_offload
 .text._PrepC   0x0000000080043a86        0xe libzephyr.a(prep_c.c.obj)
                0x0000000080043a86                _PrepC
 .text.z_new_thread
                0x0000000080043a94       0x84 libzephyr.a(thread.c.obj)
                0x0000000080043a94                z_new_thread
 .text.block_ptr
                0x0000000080043b18        0xa libzephyr.a(mempool.c.obj)
 .text.get_bit_ptr
                0x0000000080043b22       0x3e libzephyr.a(mempool.c.obj)
 .text.set_free_bit
                0x0000000080043b60       0x1c libzephyr.a(mempool.c.obj)
 .text.z_sys_mem_pool_base_init
                0x0000000080043b7c       0xaa libzephyr.a(mempool.c.obj)
                0x0000000080043b7c                z_sys_mem_pool_base_init
 .text.z_thread_entry
                0x0000000080043c26       0x16 libzephyr.a(thread_entry.c.obj)
                0x0000000080043c26                z_thread_entry
 .text.z_arch_printk_char_out
                0x0000000080043c3c        0x4 libzephyr.a(printk.c.obj)
                0x0000000080043c3c                z_arch_printk_char_out
 .text.print_err
                0x0000000080043c40       0x2c libzephyr.a(printk.c.obj)
 .text.char_out
                0x0000000080043c6c       0x1a libzephyr.a(printk.c.obj)
 .text._printk_hex_ulong
                0x0000000080043c86       0xf4 libzephyr.a(printk.c.obj)
 .text._printk_dec_ulong
                0x0000000080043d7a       0xcc libzephyr.a(printk.c.obj)
 .text.__printk_hook_install
                0x0000000080043e46        0xa libzephyr.a(printk.c.obj)
                0x0000000080043e46                __printk_hook_install
 .text.z_vprintk
                0x0000000080043e50      0x230 libzephyr.a(printk.c.obj)
                0x0000000080043e50                z_vprintk
 .text.vprintk  0x0000000080044080       0x1c libzephyr.a(printk.c.obj)
                0x0000000080044080                vprintk
 .text.printk   0x000000008004409c       0x1e libzephyr.a(printk.c.obj)
                0x000000008004409c                printk
 .text._ConfigAbsSyms
                0x00000000800440ba        0x2 libzephyr.a(configs.c.obj)
                0x00000000800440ba                _ConfigAbsSyms
 .text.k_cpu_idle
                0x00000000800440bc        0xc libzephyr.a(idle.c.obj)
                0x00000000800440bc                k_cpu_idle
 .text.z_arch_irq_enable
                0x00000000800440c8        0xc libzephyr.a(soc_common_irq.c.obj)
                0x00000000800440c8                z_arch_irq_enable
 .text.soc_interrupt_init
                0x00000000800440d4       0x10 libzephyr.a(soc_common_irq.c.obj)
                0x00000000800440d4                soc_interrupt_init
 .text.console_out
                0x00000000800440e4       0x3c libzephyr.a(uart_console.c.obj)
 .text.uart_console_hook_install
                0x0000000080044120       0x1e libzephyr.a(uart_console.c.obj)
                0x0000000080044120                uart_console_hook_install
 .text.uart_console_init
                0x000000008004413e       0x20 libzephyr.a(uart_console.c.obj)
 .text.set_mtimecmp
                0x000000008004415e        0xe libzephyr.a(riscv_machine_timer.c.obj)
 .text.mtime    0x000000008004416c       0x10 libzephyr.a(riscv_machine_timer.c.obj)
 .text.timer_isr
                0x000000008004417c       0x74 libzephyr.a(riscv_machine_timer.c.obj)
 .text.z_clock_driver_init
                0x00000000800441f0       0x24 libzephyr.a(riscv_machine_timer.c.obj)
                0x00000000800441f0                z_clock_driver_init
 .text.z_clock_set_timeout
                0x0000000080044214       0x94 libzephyr.a(riscv_machine_timer.c.obj)
                0x0000000080044214                z_clock_set_timeout
 .text.z_clock_elapsed
                0x00000000800442a8       0x30 libzephyr.a(riscv_machine_timer.c.obj)
                0x00000000800442a8                z_clock_elapsed
 .text._stdout_hook_default
                0x00000000800442d8        0x4 lib/libc/newlib/liblib__libc__newlib.a(libc-hooks.c.obj)
 .text.__stdout_hook_install
                0x00000000800442dc        0xa lib/libc/newlib/liblib__libc__newlib.a(libc-hooks.c.obj)
                0x00000000800442dc                __stdout_hook_install
 .text.z_impl_zephyr_write_stdout
                0x00000000800442e6       0x54 lib/libc/newlib/liblib__libc__newlib.a(libc-hooks.c.obj)
                0x00000000800442e6                z_impl_zephyr_write_stdout
 .text._write   0x000000008004433a       0x10 lib/libc/newlib/liblib__libc__newlib.a(libc-hooks.c.obj)
                0x000000008004433a                write
                0x000000008004433a                _write
 .text._kill    0x000000008004434a        0x4 lib/libc/newlib/liblib__libc__newlib.a(libc-hooks.c.obj)
                0x000000008004434a                kill
                0x000000008004434a                _kill
 .text._getpid  0x000000008004434e        0x4 lib/libc/newlib/liblib__libc__newlib.a(libc-hooks.c.obj)
                0x000000008004434e                _getpid
                0x000000008004434e                getpid
 .text._exit    0x0000000080044352       0x14 lib/libc/newlib/liblib__libc__newlib.a(libc-hooks.c.obj)
                0x0000000080044352                _exit
 .text._sbrk    0x0000000080044366       0x32 lib/libc/newlib/liblib__libc__newlib.a(libc-hooks.c.obj)
                0x0000000080044366                _sbrk
                0x0000000080044366                sbrk
 .text.uart_pulserain_rattlesnake_poll_out
                0x0000000080044398       0x1e drivers/serial/libdrivers__serial.a(uart_pulserain_rattlesnake.c.obj)
 .text.uart_pulserain_rattlesnake_poll_in
                0x00000000800443b6        0x8 drivers/serial/libdrivers__serial.a(uart_pulserain_rattlesnake.c.obj)
 .text.uart_pulserain_rattlesnake_init
                0x00000000800443be        0x4 drivers/serial/libdrivers__serial.a(uart_pulserain_rattlesnake.c.obj)
 .text.z_sys_device_do_config_level
                0x00000000800443c2       0x50 kernel/libkernel.a(device.c.obj)
                0x00000000800443c2                z_sys_device_do_config_level
 .text.z_impl_device_get_binding
                0x0000000080044412       0x68 kernel/libkernel.a(device.c.obj)
                0x0000000080044412                z_impl_device_get_binding
 .text.init_idle_thread
                0x000000008004447a       0x40 kernel/libkernel.a(init.c.obj)
 .text.prepare_multithreading
                0x00000000800444ba       0xbc kernel/libkernel.a(init.c.obj)
 .text.switch_to_main_thread
                0x0000000080044576       0x10 kernel/libkernel.a(init.c.obj)
 .text.z_bss_zero
                0x0000000080044586       0x28 kernel/libkernel.a(init.c.obj)
                0x0000000080044586                z_bss_zero
 .text.bg_thread_main
                0x00000000800445ae       0x36 kernel/libkernel.a(init.c.obj)
 .text.z_cstart
                0x00000000800445e4       0x3c kernel/libkernel.a(init.c.obj)
                0x00000000800445e4                z_cstart
 .text.pended_on
                0x0000000080044620        0x4 kernel/libkernel.a(sched.c.obj)
 .text.reset_time_slice
                0x0000000080044624       0x2a kernel/libkernel.a(sched.c.obj)
 .text.z_is_t1_higher_prio_than_t2
                0x000000008004464e       0x14 kernel/libkernel.a(sched.c.obj)
                0x000000008004464e                z_is_t1_higher_prio_than_t2
 .text.k_sched_time_slice_set
                0x0000000080044662       0x5a kernel/libkernel.a(sched.c.obj)
                0x0000000080044662                k_sched_time_slice_set
 .text.z_unpend_thread_no_timeout
                0x00000000800446bc       0x42 kernel/libkernel.a(sched.c.obj)
                0x00000000800446bc                z_unpend_thread_no_timeout
 .text.z_reschedule
                0x00000000800446fe       0x22 kernel/libkernel.a(sched.c.obj)
                0x00000000800446fe                z_reschedule
 .text.z_reschedule_irqlock
                0x0000000080044720       0x20 kernel/libkernel.a(sched.c.obj)
                0x0000000080044720                z_reschedule_irqlock
 .text.k_sched_lock
                0x0000000080044740       0x54 kernel/libkernel.a(sched.c.obj)
                0x0000000080044740                k_sched_lock
 .text.z_priq_dumb_remove
                0x0000000080044794       0x14 kernel/libkernel.a(sched.c.obj)
                0x0000000080044794                z_priq_dumb_remove
 .text.z_priq_dumb_best
                0x00000000800447a8        0xe kernel/libkernel.a(sched.c.obj)
                0x00000000800447a8                z_priq_dumb_best
 .text.update_cache
                0x00000000800447b6       0x78 kernel/libkernel.a(sched.c.obj)
 .text.k_sched_unlock
                0x000000008004482e       0x6a kernel/libkernel.a(sched.c.obj)
                0x000000008004482e                k_sched_unlock
 .text.z_add_thread_to_ready_q
                0x0000000080044898       0x9c kernel/libkernel.a(sched.c.obj)
                0x0000000080044898                z_add_thread_to_ready_q
 .text.z_thread_timeout
                0x0000000080044934       0x7a kernel/libkernel.a(sched.c.obj)
                0x0000000080044934                z_thread_timeout
 .text.z_move_thread_to_end_of_prio_q
                0x00000000800449ae       0xb6 kernel/libkernel.a(sched.c.obj)
                0x00000000800449ae                z_move_thread_to_end_of_prio_q
 .text.z_time_slice
                0x0000000080044a64       0x72 kernel/libkernel.a(sched.c.obj)
                0x0000000080044a64                z_time_slice
 .text.z_remove_thread_from_ready_q
                0x0000000080044ad6       0x6a kernel/libkernel.a(sched.c.obj)
                0x0000000080044ad6                z_remove_thread_from_ready_q
 .text.z_sched_init
                0x0000000080044b40       0x22 kernel/libkernel.a(sched.c.obj)
                0x0000000080044b40                z_sched_init
 .text.z_impl_k_current_get
                0x0000000080044b62        0xc kernel/libkernel.a(sched.c.obj)
                0x0000000080044b62                z_impl_k_current_get
 .text.k_is_in_isr
                0x0000000080044b6e        0xe kernel/libkernel.a(thread.c.obj)
                0x0000000080044b6e                k_is_in_isr
 .text.z_is_thread_essential
                0x0000000080044b7c       0x12 kernel/libkernel.a(thread.c.obj)
                0x0000000080044b7c                z_is_thread_essential
 .text.z_impl_k_thread_start
                0x0000000080044b8e       0x56 kernel/libkernel.a(thread.c.obj)
                0x0000000080044b8e                z_impl_k_thread_start
 .text.schedule_new_thread
                0x0000000080044be4       0x26 kernel/libkernel.a(thread.c.obj)
 .text.z_setup_new_thread
                0x0000000080044c0a       0x26 kernel/libkernel.a(thread.c.obj)
                0x0000000080044c0a                z_setup_new_thread
 .text.z_thread_single_abort
                0x0000000080044c30       0x58 kernel/libkernel.a(thread.c.obj)
                0x0000000080044c30                z_thread_single_abort
 .text.z_init_static_threads
                0x0000000080044c88       0x7a kernel/libkernel.a(thread.c.obj)
                0x0000000080044c88                z_init_static_threads
 .text.z_init_thread_base
                0x0000000080044d02       0x1a kernel/libkernel.a(thread.c.obj)
                0x0000000080044d02                z_init_thread_base
 .text.z_impl_k_thread_abort
                0x0000000080044d1c       0x20 kernel/libkernel.a(thread_abort.c.obj)
                0x0000000080044d1c                z_impl_k_thread_abort
 .text.first    0x0000000080044d3c       0x14 kernel/libkernel.a(timeout.c.obj)
 .text.next     0x0000000080044d50       0x18 kernel/libkernel.a(timeout.c.obj)
 .text.remove_timeout
                0x0000000080044d68       0x2e kernel/libkernel.a(timeout.c.obj)
 .text.elapsed  0x0000000080044d96       0x1c kernel/libkernel.a(timeout.c.obj)
 .text.next_timeout
                0x0000000080044db2       0x58 kernel/libkernel.a(timeout.c.obj)
 .text.z_add_timeout
                0x0000000080044e0a       0x8e kernel/libkernel.a(timeout.c.obj)
                0x0000000080044e0a                z_add_timeout
 .text.z_abort_timeout
                0x0000000080044e98       0x40 kernel/libkernel.a(timeout.c.obj)
                0x0000000080044e98                z_abort_timeout
 .text.z_get_next_timeout_expiry
                0x0000000080044ed8       0x2a kernel/libkernel.a(timeout.c.obj)
                0x0000000080044ed8                z_get_next_timeout_expiry
 .text.z_set_timeout_expiry
                0x0000000080044f02       0x5c kernel/libkernel.a(timeout.c.obj)
                0x0000000080044f02                z_set_timeout_expiry
 .text.z_clock_announce
                0x0000000080044f5e       0xd4 kernel/libkernel.a(timeout.c.obj)
                0x0000000080044f5e                z_clock_announce
 .text.sys_power_save_idle
                0x0000000080045032       0x1c kernel/libkernel.a(idle.c.obj)
 .text.idle     0x000000008004504e        0xe kernel/libkernel.a(idle.c.obj)
                0x000000008004504e                idle
 .text.k_mem_pool_init
                0x000000008004505c       0x16 kernel/libkernel.a(mempool.c.obj)
 .text.init_static_pools
                0x0000000080045072       0x2c kernel/libkernel.a(mempool.c.obj)
                0x0000000080045072                init_static_pools
 .text._OffsetAbsSyms
                0x000000008004509e        0x2 CMakeFiles/offsets.dir/arch/riscv32/core/offsets/offsets.c.obj
                0x000000008004509e                _OffsetAbsSyms
 *(SORT_BY_ALIGNMENT(.gnu.linkonce.t.*))
 *(SORT_BY_ALIGNMENT(.eh_frame))
                0x00000000800450a0                _image_text_end = .

sw_isr_table    0x00000000800450a0      0x100
 *(SORT_BY_ALIGNMENT(.gnu.linkonce.sw_isr_table))
 .gnu.linkonce.sw_isr_table
                0x00000000800450a0      0x100 CMakeFiles/kernel_elf.dir/isr_tables.c.obj
                0x00000000800450a0                _sw_isr_table

app_shmem_regions
                0x00000000800451a0        0x0
                0x00000000800451a0                __app_shmem_regions_start = .
 *(SORT_BY_NAME(SORT_BY_ALIGNMENT(.app_regions.*)))
                0x00000000800451a0                __app_shmem_regions_end = .

devconfig       0x00000000800451a0       0x30
                0x00000000800451a0                __devconfig_start = .
 *(SORT_BY_ALIGNMENT(.devconfig.*))
 .devconfig.init
                0x00000000800451a0        0xc libzephyr.a(uart_console.c.obj)
 .devconfig.init
                0x00000000800451ac        0xc libzephyr.a(sys_clock_init.c.obj)
 .devconfig.init
                0x00000000800451b8        0xc drivers/serial/libdrivers__serial.a(uart_pulserain_rattlesnake.c.obj)
 .devconfig.init
                0x00000000800451c4        0xc kernel/libkernel.a(mempool.c.obj)
 *(SORT_BY_NAME(SORT_BY_ALIGNMENT(.devconfig*)))
                0x00000000800451d0                __devconfig_end = .

net_l2          0x00000000800451d0        0x0
                0x00000000800451d0                __net_l2_start = .
 *(SORT_BY_ALIGNMENT(.net_l2.init))
 *(SORT_BY_NAME(SORT_BY_ALIGNMENT(.net_l2.init*)))
                0x00000000800451d0                __net_l2_end = .

log_const_sections
                0x00000000800451d0        0x0
                0x00000000800451d0                __log_const_start = .
 *(SORT_BY_NAME(SORT_BY_ALIGNMENT(.log_const_*)))
                0x00000000800451d0                __log_const_end = .

log_backends_sections
                0x00000000800451d0        0x0
                0x00000000800451d0                __log_backends_start = .
 *(SORT_BY_ALIGNMENT(.log_backends))
                0x00000000800451d0                __log_backends_end = .

shell_root_cmds_sections
                0x00000000800451d0        0x0
                0x00000000800451d0                __shell_root_cmds_start = .
 *(SORT_BY_NAME(SORT_BY_ALIGNMENT(.shell_root_cmd_*)))
                0x00000000800451d0                __shell_root_cmds_end = .

font_entry_sections
                0x00000000800451d0        0x0
                0x00000000800451d0                __font_entry_start = .
 *(SORT_BY_NAME(SORT_BY_ALIGNMENT(.font_entry.*)))
                0x00000000800451d0                __font_entry_end = .

rodata          0x00000000800451d0     0x1320
                0x00000000800451d0                . = ALIGN (0x4)
 *(SORT_BY_ALIGNMENT(.srodata))
 .srodata       0x00000000800451d0        0x4 /opt/zephyr-sdk/riscv32-zephyr-elf/riscv32-zephyr-elf/lib/./libc.a(lib_a-impure.o)
                0x00000000800451d0                _global_impure_ptr
 *(SORT_BY_ALIGNMENT(.srodata.*))
 *(SORT_BY_ALIGNMENT(.rodata))
 .rodata        0x00000000800451d4      0x100 /opt/zephyr-sdk/riscv32-zephyr-elf/bin/../lib/gcc/riscv32-zephyr-elf/8.3.0/libgcc.a(_clz.o)
                0x00000000800451d4                __clz_tab
 .rodata        0x00000000800452d4      0x101 /opt/zephyr-sdk/riscv32-zephyr-elf/riscv32-zephyr-elf/lib/./libc.a(lib_a-ctype_.o)
                0x00000000800452d4                _ctype_
 *(SORT_BY_ALIGNMENT(.rodata.*))
 *fill*         0x00000000800453d5        0x3 
 .rodata.perform_attack
                0x00000000800453d8      0x10c ../app/libapp.a(ripe_attack_generator.c.obj)
 .rodata.build_payload.str1.4
                0x00000000800454e4       0x61 ../app/libapp.a(ripe_attack_generator.c.obj)
 *fill*         0x0000000080045545        0x3 
 .rodata.build_shellcode.str1.4
                0x0000000080045548       0xbd ../app/libapp.a(ripe_attack_generator.c.obj)
 *fill*         0x0000000080045605        0x3 
 .rodata.data_leak.str1.4
                0x0000000080045608        0x3 ../app/libapp.a(ripe_attack_generator.c.obj)
                                          0x6 (size before relaxing)
 *fill*         0x000000008004560b        0x1 
 .rodata.dop_target.str1.4
                0x000000008004560c       0x3d ../app/libapp.a(ripe_attack_generator.c.obj)
 *fill*         0x0000000080045649        0x3 
 .rodata.dummy_function.str1.4
                0x000000008004564c       0x10 ../app/libapp.a(ripe_attack_generator.c.obj)
 .rodata.hex_to_string.str1.4
                0x000000008004565c        0x4 ../app/libapp.a(ripe_attack_generator.c.obj)
 .rodata.is_attack_possible.str1.4
                0x0000000080045660      0x3b8 ../app/libapp.a(ripe_attack_generator.c.obj)
 .rodata.main.str1.4
                0x0000000080045a18       0x7d ../app/libapp.a(ripe_attack_generator.c.obj)
 *fill*         0x0000000080045a95        0x3 
 .rodata.perform_attack.str1.4
                0x0000000080045a98      0x1d2 ../app/libapp.a(ripe_attack_generator.c.obj)
                                        0x1d6 (size before relaxing)
 *fill*         0x0000000080045c6a        0x2 
 .rodata.ret2libc_target.str1.4
                0x0000000080045c6c       0x25 ../app/libapp.a(ripe_attack_generator.c.obj)
 *fill*         0x0000000080045c91        0x3 
 .rodata.rop_target.str1.4
                0x0000000080045c94       0x20 ../app/libapp.a(ripe_attack_generator.c.obj)
 .rodata.set_low_buf.str1.4
                0x0000000080045cb4       0x16 ../app/libapp.a(ripe_attack_generator.c.obj)
 *fill*         0x0000000080045cca        0x2 
 .rodata.shellcode_target.str1.4
                0x0000000080045ccc       0x2b ../app/libapp.a(ripe_attack_generator.c.obj)
 *fill*         0x0000000080045cf7        0x1 
 .rodata.str1.4
                0x0000000080045cf8      0x201 ../app/libapp.a(ripe_attack_generator.c.obj)
                                        0x21d (size before relaxing)
 *fill*         0x0000000080045ef9        0x3 
 .rodata.cause_str
                0x0000000080045efc       0x18 libzephyr.a(fatal.c.obj)
 .rodata.z_NanoFatalErrorHandler
                0x0000000080045f14       0x1c libzephyr.a(fatal.c.obj)
 .rodata._Fault.str1.4
                0x0000000080045f30       0x19 libzephyr.a(fatal.c.obj)
 *fill*         0x0000000080045f49        0x3 
 .rodata._default_esf
                0x0000000080045f4c       0x50 libzephyr.a(fatal.c.obj)
                0x0000000080045f4c                _default_esf
 .rodata.cause_str.str1.4
                0x0000000080045f9c       0x8f libzephyr.a(fatal.c.obj)
 *fill*         0x000000008004602b        0x1 
 .rodata.z_NanoFatalErrorHandler.str1.4
                0x000000008004602c      0x179 libzephyr.a(fatal.c.obj)
 *fill*         0x00000000800461a5        0x3 
 .rodata.z_SysFatalErrorHandler.str1.4
                0x00000000800461a8       0x5d libzephyr.a(fatal.c.obj)
 *fill*         0x0000000080046205        0x3 
 .rodata.z_irq_spurious.str1.4
                0x0000000080046208       0x26 libzephyr.a(irq_manage.c.obj)
 *fill*         0x000000008004622e        0x2 
 .rodata.z_vprintk
                0x0000000080046230      0x158 libzephyr.a(printk.c.obj)
 .rodata.str1.4
                0x0000000080046388        0x1 libzephyr.a(uart_console.c.obj)
 .rodata.uart_console_init.str1.4
                0x0000000080046388        0x6 libzephyr.a(uart_console.c.obj)
 *fill*         0x000000008004638e        0x2 
 .rodata.str1.4
                0x0000000080046390        0xa libzephyr.a(sys_clock_init.c.obj)
 *fill*         0x000000008004639a        0x2 
 .rodata._exit.str1.4
                0x000000008004639c        0x6 lib/libc/newlib/liblib__libc__newlib.a(libc-hooks.c.obj)
 .rodata.str1.4
                0x00000000800463a2        0x6 drivers/serial/libdrivers__serial.a(uart_pulserain_rattlesnake.c.obj)
 *fill*         0x00000000800463a2        0x2 
 .rodata.uart_pulserain_rattlesnake_driver_api
                0x00000000800463a4       0x14 drivers/serial/libdrivers__serial.a(uart_pulserain_rattlesnake.c.obj)
 .rodata.config_levels.4974
                0x00000000800463b8       0x14 kernel/libkernel.a(device.c.obj)
 .rodata.bg_thread_main.str1.4
                0x00000000800463cc       0x42 kernel/libkernel.a(init.c.obj)
 *fill*         0x000000008004640e        0x2 
 .rodata.init_idle_thread.str1.4
                0x0000000080046410        0x5 kernel/libkernel.a(init.c.obj)
 *fill*         0x0000000080046415        0x3 
 .rodata.prepare_multithreading.str1.4
                0x0000000080046418        0x5 kernel/libkernel.a(init.c.obj)
 *fill*         0x000000008004641d        0x3 
 .rodata.__func__.5235
                0x0000000080046420        0xd kernel/libkernel.a(sched.c.obj)
 *fill*         0x000000008004642d        0x3 
 .rodata.__func__.5485
                0x0000000080046430        0xf kernel/libkernel.a(sched.c.obj)
 *fill*         0x000000008004643f        0x1 
 .rodata.k_sched_lock.str1.4
                0x0000000080046440       0x20 kernel/libkernel.a(sched.c.obj)
 .rodata.k_sched_unlock.str1.4
                0x0000000080046460       0x22 kernel/libkernel.a(sched.c.obj)
 .rodata.str1.4
                0x0000000080046482        0x1 kernel/libkernel.a(mempool.c.obj)
 *fill*         0x0000000080046482        0x2 
 .rodata.str1.4
                0x0000000080046484       0x2e /opt/zephyr-sdk/riscv32-zephyr-elf/riscv32-zephyr-elf/lib/./libc.a(lib_a-chk_fail.o)
 *fill*         0x00000000800464b2        0x2 
 .rodata.str1.4
                0x00000000800464b4       0x13 /opt/zephyr-sdk/riscv32-zephyr-elf/riscv32-zephyr-elf/lib/./libc.a(lib_a-nano-svfprintf.o)
 *fill*         0x00000000800464c7        0x1 
 .rodata.str1.4
                0x00000000800464c8       0x28 /opt/zephyr-sdk/riscv32-zephyr-elf/riscv32-zephyr-elf/lib/./libc.a(lib_a-nano-vfprintf_i.o)
                                         0x25 (size before relaxing)
 *(SORT_BY_ALIGNMENT(.gnu.linkonce.r.*))
                0x00000000800464f0                _image_rom_end = .
                0x00000000800464f0                __data_rom_start = .

datas           0x00000000800464f0      0x854
                0x00000000800464f0                . = ALIGN (0x4)
                0x00000000800464f0                _image_ram_start = .
                0x00000000800464f0                __data_ram_start = .
 *(SORT_BY_ALIGNMENT(.data))
 .data          0x00000000800464f0      0x288 /opt/zephyr-sdk/riscv32-zephyr-elf/riscv32-zephyr-elf/lib/./libc.a(lib_a-impure.o)
 *(SORT_BY_ALIGNMENT(.data.*))
 .data.data_jmp_buffer
                0x0000000080046778      0x130 ../app/libapp.a(ripe_attack_generator.c.obj)
 .data.bin4b    0x00000000800468a8       0x40 ../app/libapp.a(ripe_attack_generator.c.obj)
                0x00000000800468a8                bin4b
 .data.data_buffer1
                0x00000000800468e8      0x100 ../app/libapp.a(ripe_attack_generator.c.obj)
 .data.data_mem_ptr
                0x00000000800469e8      0x100 ../app/libapp.a(ripe_attack_generator.c.obj)
 .data.data_mem_ptr_aux
                0x0000000080046ae8      0x100 ../app/libapp.a(ripe_attack_generator.c.obj)
 .data.data_secret
                0x0000000080046be8       0x20 ../app/libapp.a(ripe_attack_generator.c.obj)
 .data.data_struct
                0x0000000080046c08      0x104 ../app/libapp.a(ripe_attack_generator.c.obj)
 *(SORT_BY_ALIGNMENT(.sdata) SORT_BY_ALIGNMENT(.sdata.*) SORT_BY_ALIGNMENT(.gnu.linkonce.s.*))
 .sdata.data_buffer2
                0x0000000080046d0c        0x8 ../app/libapp.a(ripe_attack_generator.c.obj)
 .sdata.data_flag
                0x0000000080046d14        0x4 ../app/libapp.a(ripe_attack_generator.c.obj)
 .sdata.data_func_ptr
                0x0000000080046d18        0x4 ../app/libapp.a(ripe_attack_generator.c.obj)
 .sdata.dop_dest
                0x0000000080046d1c        0x4 ../app/libapp.a(ripe_attack_generator.c.obj)
                0x0000000080046d1c                dop_dest
 .sdata._char_out
                0x0000000080046d20        0x4 libzephyr.a(printk.c.obj)
                0x0000000080046d20                _char_out
 .sdata._stdout_hook
                0x0000000080046d24        0x4 lib/libc/newlib/liblib__libc__newlib.a(libc-hooks.c.obj)
 .sdata.timeout_list
                0x0000000080046d28        0x8 kernel/libkernel.a(timeout.c.obj)
 .sdata         0x0000000080046d30        0x4 /opt/zephyr-sdk/riscv32-zephyr-elf/riscv32-zephyr-elf/lib/./libc.a(lib_a-impure.o)
                0x0000000080046d30                _impure_ptr
 *(SORT_BY_ALIGNMENT(.sdata2) SORT_BY_ALIGNMENT(.sdata2.*) SORT_BY_ALIGNMENT(.gnu.linkonce.s2.*))
 .sdata2.uart_pulserain_rattlesnake_dev_cfg_0
                0x0000000080046d34        0x8 drivers/serial/libdrivers__serial.a(uart_pulserain_rattlesnake.c.obj)
 .sdata2._k_neg_eagain
                0x0000000080046d3c        0x4 kernel/libkernel.a(errno.c.obj)
                0x0000000080046d3c                _k_neg_eagain
 .sdata2._idle_thread
                0x0000000080046d40        0x4 kernel/libkernel.a(init.c.obj)
                0x0000000080046d40                _idle_thread

initlevel       0x0000000080046d44       0x30
                0x0000000080046d44                __device_init_start = .
                0x0000000080046d44                __device_PRE_KERNEL_1_start = .
 *(SORT_BY_NAME(SORT_BY_ALIGNMENT(.init_PRE_KERNEL_1[0-9])))
 *(SORT_BY_NAME(SORT_BY_ALIGNMENT(.init_PRE_KERNEL_1[1-9][0-9])))
 .init_PRE_KERNEL_130
                0x0000000080046d44        0xc kernel/libkernel.a(mempool.c.obj)
 .init_PRE_KERNEL_150
                0x0000000080046d50        0xc drivers/serial/libdrivers__serial.a(uart_pulserain_rattlesnake.c.obj)
 .init_PRE_KERNEL_160
                0x0000000080046d5c        0xc libzephyr.a(uart_console.c.obj)
                0x0000000080046d68                __device_PRE_KERNEL_2_start = .
 *(SORT_BY_NAME(SORT_BY_ALIGNMENT(.init_PRE_KERNEL_2[0-9])))
 .init_PRE_KERNEL_20
                0x0000000080046d68        0xc libzephyr.a(sys_clock_init.c.obj)
 *(SORT_BY_NAME(SORT_BY_ALIGNMENT(.init_PRE_KERNEL_2[1-9][0-9])))
                0x0000000080046d74                __device_POST_KERNEL_start = .
 *(SORT_BY_NAME(SORT_BY_ALIGNMENT(.init_POST_KERNEL[0-9])))
 *(SORT_BY_NAME(SORT_BY_ALIGNMENT(.init_POST_KERNEL[1-9][0-9])))
                0x0000000080046d74                __device_APPLICATION_start = .
 *(SORT_BY_NAME(SORT_BY_ALIGNMENT(.init_APPLICATION[0-9])))
 *(SORT_BY_NAME(SORT_BY_ALIGNMENT(.init_APPLICATION[1-9][0-9])))
                0x0000000080046d74                __device_init_end = .

initlevel_error
                0x00000000800464f0        0x0
 *(SORT_BY_NAME(SORT_BY_ALIGNMENT(.init_[_A-Z0-9]*)))
                0x0000000000000001                ASSERT ((SIZEOF (initlevel_error) == 0x0), Undefined initialization levels used.)

initshell       0x0000000080046d74        0x0
                0x0000000080046d74                __shell_module_start = .
 *(SORT_BY_ALIGNMENT(.shell_module_*))
                0x0000000080046d74                __shell_module_end = .
                0x0000000080046d74                __shell_cmd_start = .
 *(SORT_BY_ALIGNMENT(.shell_cmd_*))
                0x0000000080046d74                __shell_cmd_end = .

log_dynamic_sections
                0x0000000080046d74        0x0
                0x0000000080046d74                __log_dynamic_start = .
 *(SORT_BY_NAME(SORT_BY_ALIGNMENT(.log_dynamic_*)))
                0x0000000080046d74                __log_dynamic_end = .

_static_thread_area
                0x0000000080046d74        0x0
                0x0000000080046d74                _static_thread_data_list_start = .
 *(SORT_BY_NAME(SORT_BY_ALIGNMENT(._static_thread_data.static.*)))
                0x0000000080046d74                _static_thread_data_list_end = .

_k_timer_area   0x0000000080046d74        0x0
                0x0000000080046d74                _k_timer_list_start = .
 *(SORT_BY_ALIGNMENT(._k_timer.static.*))
                0x0000000080046d74                _k_timer_list_end = .

_k_mem_slab_area
                0x0000000080046d74        0x0
                0x0000000080046d74                _k_mem_slab_list_start = .
 *(SORT_BY_ALIGNMENT(._k_mem_slab.static.*))
                0x0000000080046d74                _k_mem_slab_list_end = .

_k_mem_pool_area
                0x0000000080046d74        0x0
                0x0000000080046d74                _k_mem_pool_list_start = .
 *(SORT_BY_ALIGNMENT(._k_mem_pool.static.*))
                0x0000000080046d74                _k_mem_pool_list_end = .

_k_sem_area     0x0000000080046d74        0x0
                0x0000000080046d74                _k_sem_list_start = .
 *(SORT_BY_ALIGNMENT(._k_sem.static.*))
                0x0000000080046d74                _k_sem_list_end = .

_k_mutex_area   0x0000000080046d74       0x14
                0x0000000080046d74                _k_mutex_list_start = .
 *(SORT_BY_ALIGNMENT(._k_mutex.static.*))
 ._k_mutex.static.fdtable_lock
                0x0000000080046d74       0x14 libzephyr.a(fdtable.c.obj)
                0x0000000080046d88                _k_mutex_list_end = .

_k_queue_area   0x0000000080046d88        0x0
                0x0000000080046d88                _k_queue_list_start = .
 *(SORT_BY_ALIGNMENT(._k_queue.static.*))
                0x0000000080046d88                _k_queue_list_end = .

_k_stack_area   0x0000000080046d88        0x0
                0x0000000080046d88                _k_stack_list_start = .
 *(SORT_BY_ALIGNMENT(._k_stack.static.*))
                0x0000000080046d88                _k_stack_list_end = .

_k_msgq_area    0x0000000080046d88        0x0
                0x0000000080046d88                _k_msgq_list_start = .
 *(SORT_BY_ALIGNMENT(._k_msgq.static.*))
                0x0000000080046d88                _k_msgq_list_end = .

_k_mbox_area    0x0000000080046d88        0x0
                0x0000000080046d88                _k_mbox_list_start = .
 *(SORT_BY_ALIGNMENT(._k_mbox.static.*))
                0x0000000080046d88                _k_mbox_list_end = .

_k_pipe_area    0x0000000080046d88        0x0
                0x0000000080046d88                _k_pipe_list_start = .
 *(SORT_BY_ALIGNMENT(._k_pipe.static.*))
                0x0000000080046d88                _k_pipe_list_end = .

_net_buf_pool_area
                0x0000000080046d88        0x0
                0x0000000080046d88                _net_buf_pool_list = .
 *(SORT_BY_NAME(SORT_BY_ALIGNMENT(._net_buf_pool.static.*)))

net_if          0x0000000080046d88        0x0
                0x0000000080046d88                __net_if_start = .
 *(SORT_BY_ALIGNMENT(.net_if.*))
 *(SORT_BY_NAME(SORT_BY_ALIGNMENT(.net_if.*)))
                0x0000000080046d88                __net_if_end = .

net_if_dev      0x0000000080046d88        0x0
                0x0000000080046d88                __net_if_dev_start = .
 *(SORT_BY_ALIGNMENT(.net_if_dev.*))
 *(SORT_BY_NAME(SORT_BY_ALIGNMENT(.net_if_dev.*)))
                0x0000000080046d88                __net_if_dev_end = .

net_l2_data     0x0000000080046d88        0x0
                0x0000000080046d88                __net_l2_data_start = .
 *(SORT_BY_ALIGNMENT(.net_l2.data))
 *(SORT_BY_NAME(SORT_BY_ALIGNMENT(.net_l2.data*)))
                0x0000000080046d88                __net_l2_data_end = .
                0x0000000080046d88                __data_ram_end = .

bss             0x0000000080046d88      0x4f0
                0x0000000080046d88                . = ALIGN (0x4)
                0x0000000080046d88                __bss_start = .
 *(SORT_BY_ALIGNMENT(.sbss))
 .sbss          0x0000000080046d88        0x8 /opt/zephyr-sdk/riscv32-zephyr-elf/riscv32-zephyr-elf/lib/./libc.a(lib_a-nano-mallocr.o)
                0x0000000080046d88                __malloc_sbrk_start
                0x0000000080046d8c                __malloc_free_list
 *(SORT_BY_ALIGNMENT(.sbss.*))
 .sbss.last_count
                0x0000000080046d90        0x8 libzephyr.a(riscv_machine_timer.c.obj)
 .sbss.curr_tick
                0x0000000080046d98        0x8 kernel/libkernel.a(timeout.c.obj)
 .sbss.bss_flag.6012
                0x0000000080046da0        0x4 ../app/libapp.a(ripe_attack_generator.c.obj)
 .sbss.bss_func_ptr.6011
                0x0000000080046da4        0x4 ../app/libapp.a(ripe_attack_generator.c.obj)
 .sbss.bss_mem_ptr.6014
                0x0000000080046da8        0x4 ../app/libapp.a(ripe_attack_generator.c.obj)
 .sbss.bss_mem_ptr_aux.6013
                0x0000000080046dac        0x4 ../app/libapp.a(ripe_attack_generator.c.obj)
 .sbss._offload_routine
                0x0000000080046db0        0x4 libzephyr.a(irq_offload.c.obj)
                0x0000000080046db0                _offload_routine
 .sbss.offload_param
                0x0000000080046db4        0x4 libzephyr.a(irq_offload.c.obj)
 .sbss.uart_console_dev
                0x0000000080046db8        0x4 libzephyr.a(uart_console.c.obj)
 .sbss.heap_sz  0x0000000080046dbc        0x4 lib/libc/newlib/liblib__libc__newlib.a(libc-hooks.c.obj)
 .sbss.slice_max_prio
                0x0000000080046dc0        0x4 kernel/libkernel.a(sched.c.obj)
 .sbss.slice_time
                0x0000000080046dc4        0x4 kernel/libkernel.a(sched.c.obj)
 .sbss.announce_remaining
                0x0000000080046dc8        0x4 kernel/libkernel.a(timeout.c.obj)
 .sbss.can_wait_forever
                0x0000000080046dcc        0x1 kernel/libkernel.a(timeout.c.obj)
 *(SORT_BY_ALIGNMENT(.bss))
 *(SORT_BY_ALIGNMENT(.bss.*))
 *fill*         0x0000000080046dcd        0x3 
 .bss.bss_jmp_buffer.6017
                0x0000000080046dd0      0x130 ../app/libapp.a(ripe_attack_generator.c.obj)
 .bss.attack    0x0000000080046f00       0x14 ../app/libapp.a(ripe_attack_generator.c.obj)
 .bss.bss_buffer.6016
                0x0000000080046f14      0x100 ../app/libapp.a(ripe_attack_generator.c.obj)
 .bss.bss_secret.6015
                0x0000000080047014       0x20 ../app/libapp.a(ripe_attack_generator.c.obj)
 .bss.bss_struct.6018
                0x0000000080047034      0x104 ../app/libapp.a(ripe_attack_generator.c.obj)
 .bss.shellcode_nonop
                0x0000000080047138       0x30 ../app/libapp.a(ripe_attack_generator.c.obj)
                0x0000000080047138                shellcode_nonop
 .bss._idle_thread_s
                0x0000000080047168       0x70 kernel/libkernel.a(init.c.obj)
 .bss._main_thread_s
                0x00000000800471d8       0x70 kernel/libkernel.a(init.c.obj)
 .bss._kernel   0x0000000080047248       0x2c kernel/libkernel.a(sched.c.obj)
                0x0000000080047248                _kernel
 .bss.lock      0x0000000080047274        0x0 kernel/libkernel.a(thread.c.obj)
 *(SORT_BY_ALIGNMENT(COMMON))
 COMMON         0x0000000080047274        0x4 /opt/zephyr-sdk/riscv32-zephyr-elf/riscv32-zephyr-elf/lib/./libc.a(lib_a-reent.o)
                0x0000000080047274                errno
                0x0000000080047278                __bss_end = ALIGN (0x4)

noinit          0x0000000080047280     0x2400
 *(SORT_BY_ALIGNMENT(.noinit))
 *(SORT_BY_ALIGNMENT(.noinit.*))
 .noinit."/home/lenovo/zephyr/kernel/init.c".1
                0x0000000080047280     0x1000 kernel/libkernel.a(init.c.obj)
                0x0000000080047280                _main_stack
 .noinit."/home/lenovo/zephyr/kernel/init.c".2
                0x0000000080048280      0x400 kernel/libkernel.a(init.c.obj)
                0x0000000080048280                _idle_stack
 .noinit."/home/lenovo/zephyr/kernel/init.c".3
                0x0000000080048680     0x1000 kernel/libkernel.a(init.c.obj)
                0x0000000080048680                _interrupt_stack
                0x0000000080049680                _image_ram_end = .
                0x0000000080049680                _end = .

/DISCARD/
 *(SORT_BY_ALIGNMENT(.irq_info))
 *(SORT_BY_ALIGNMENT(.intList))

.stab
 *(SORT_BY_ALIGNMENT(.stab))

.stabstr
 *(SORT_BY_ALIGNMENT(.stabstr))

.stab.excl
 *(SORT_BY_ALIGNMENT(.stab.excl))

.stab.exclstr
 *(SORT_BY_ALIGNMENT(.stab.exclstr))

.stab.index
 *(SORT_BY_ALIGNMENT(.stab.index))

.stab.indexstr
 *(SORT_BY_ALIGNMENT(.stab.indexstr))

.gnu.build.attributes
 *(SORT_BY_ALIGNMENT(.gnu.build.attributes) SORT_BY_ALIGNMENT(.gnu.build.attributes.*))

.comment        0x0000000000000000       0x2b
 *(SORT_BY_ALIGNMENT(.comment))
 .comment       0x0000000000000000       0x2b CMakeFiles/kernel_elf.dir/isr_tables.c.obj
                                         0x2c (size before relaxing)
 .comment       0x000000000000002b       0x2c ../app/libapp.a(ripe_attack_generator.c.obj)
 .comment       0x000000000000002b       0x2c libzephyr.a(isr_tables.c.obj)
 .comment       0x000000000000002b       0x2c libzephyr.a(fatal.c.obj)
 .comment       0x000000000000002b       0x2c libzephyr.a(irq_manage.c.obj)
 .comment       0x000000000000002b       0x2c libzephyr.a(irq_offload.c.obj)
 .comment       0x000000000000002b       0x2c libzephyr.a(prep_c.c.obj)
 .comment       0x000000000000002b       0x2c libzephyr.a(thread.c.obj)
 .comment       0x000000000000002b       0x2c libzephyr.a(fdtable.c.obj)
 .comment       0x000000000000002b       0x2c libzephyr.a(mempool.c.obj)
 .comment       0x000000000000002b       0x2c libzephyr.a(thread_entry.c.obj)
 .comment       0x000000000000002b       0x2c libzephyr.a(printk.c.obj)
 .comment       0x000000000000002b       0x2c libzephyr.a(configs.c.obj)
 .comment       0x000000000000002b       0x2c libzephyr.a(idle.c.obj)
 .comment       0x000000000000002b       0x2c libzephyr.a(soc_common_irq.c.obj)
 .comment       0x000000000000002b       0x2c libzephyr.a(uart_console.c.obj)
 .comment       0x000000000000002b       0x2c libzephyr.a(sys_clock_init.c.obj)
 .comment       0x000000000000002b       0x2c libzephyr.a(riscv_machine_timer.c.obj)
 .comment       0x000000000000002b       0x2c lib/libc/newlib/liblib__libc__newlib.a(libc-hooks.c.obj)
 .comment       0x000000000000002b       0x2c drivers/serial/libdrivers__serial.a(uart_pulserain_rattlesnake.c.obj)
 .comment       0x000000000000002b       0x2c kernel/libkernel.a(device.c.obj)
 .comment       0x000000000000002b       0x2c kernel/libkernel.a(errno.c.obj)
 .comment       0x000000000000002b       0x2c kernel/libkernel.a(init.c.obj)
 .comment       0x000000000000002b       0x2c kernel/libkernel.a(sched.c.obj)
 .comment       0x000000000000002b       0x2c kernel/libkernel.a(thread.c.obj)
 .comment       0x000000000000002b       0x2c kernel/libkernel.a(thread_abort.c.obj)
 .comment       0x000000000000002b       0x2c kernel/libkernel.a(timeout.c.obj)
 .comment       0x000000000000002b       0x2c kernel/libkernel.a(idle.c.obj)
 .comment       0x000000000000002b       0x2c kernel/libkernel.a(mempool.c.obj)
 .comment       0x000000000000002b       0x2c CMakeFiles/offsets.dir/arch/riscv32/core/offsets/offsets.c.obj
 .comment       0x000000000000002b       0x2c /opt/zephyr-sdk/riscv32-zephyr-elf/bin/../lib/gcc/riscv32-zephyr-elf/8.3.0/libgcc.a(_udivdi3.o)
 .comment       0x000000000000002b       0x2c /opt/zephyr-sdk/riscv32-zephyr-elf/bin/../lib/gcc/riscv32-zephyr-elf/8.3.0/libgcc.a(_clz.o)
 .comment       0x000000000000002b       0x2c /opt/zephyr-sdk/riscv32-zephyr-elf/riscv32-zephyr-elf/lib/./libc.a(lib_a-exit.o)
 .comment       0x000000000000002b       0x2c /opt/zephyr-sdk/riscv32-zephyr-elf/riscv32-zephyr-elf/lib/./libc.a(lib_a-impure.o)
 .comment       0x000000000000002b       0x2c /opt/zephyr-sdk/riscv32-zephyr-elf/riscv32-zephyr-elf/lib/./libc.a(lib_a-malloc.o)
 .comment       0x000000000000002b       0x2c /opt/zephyr-sdk/riscv32-zephyr-elf/riscv32-zephyr-elf/lib/./libc.a(lib_a-memcpy.o)
 .comment       0x000000000000002b       0x2c /opt/zephyr-sdk/riscv32-zephyr-elf/riscv32-zephyr-elf/lib/./libc.a(lib_a-nano-freer.o)
 .comment       0x000000000000002b       0x2c /opt/zephyr-sdk/riscv32-zephyr-elf/riscv32-zephyr-elf/lib/./libc.a(lib_a-nano-mallocr.o)
 .comment       0x000000000000002b       0x2c /opt/zephyr-sdk/riscv32-zephyr-elf/riscv32-zephyr-elf/lib/./libc.a(lib_a-sbrkr.o)
 .comment       0x000000000000002b       0x2c /opt/zephyr-sdk/riscv32-zephyr-elf/riscv32-zephyr-elf/lib/./libc.a(lib_a-snprintf.o)
 .comment       0x000000000000002b       0x2c /opt/zephyr-sdk/riscv32-zephyr-elf/riscv32-zephyr-elf/lib/./libc.a(lib_a-strcat.o)
 .comment       0x000000000000002b       0x2c /opt/zephyr-sdk/riscv32-zephyr-elf/riscv32-zephyr-elf/lib/./libc.a(lib_a-strcat_chk.o)
 .comment       0x000000000000002b       0x2c /opt/zephyr-sdk/riscv32-zephyr-elf/riscv32-zephyr-elf/lib/./libc.a(lib_a-strcpy.o)
 .comment       0x000000000000002b       0x2c /opt/zephyr-sdk/riscv32-zephyr-elf/riscv32-zephyr-elf/lib/./libc.a(lib_a-strcpy_chk.o)
 .comment       0x000000000000002b       0x2c /opt/zephyr-sdk/riscv32-zephyr-elf/riscv32-zephyr-elf/lib/./libc.a(lib_a-strlen.o)
 .comment       0x000000000000002b       0x2c /opt/zephyr-sdk/riscv32-zephyr-elf/riscv32-zephyr-elf/lib/./libc.a(lib_a-strncat.o)
 .comment       0x000000000000002b       0x2c /opt/zephyr-sdk/riscv32-zephyr-elf/riscv32-zephyr-elf/lib/./libc.a(lib_a-strncat_chk.o)
 .comment       0x000000000000002b       0x2c /opt/zephyr-sdk/riscv32-zephyr-elf/riscv32-zephyr-elf/lib/./libc.a(lib_a-strncpy.o)
 .comment       0x000000000000002b       0x2c /opt/zephyr-sdk/riscv32-zephyr-elf/riscv32-zephyr-elf/lib/./libc.a(lib_a-strtoul.o)
 .comment       0x000000000000002b       0x2c /opt/zephyr-sdk/riscv32-zephyr-elf/riscv32-zephyr-elf/lib/./libc.a(lib_a-chk_fail.o)
 .comment       0x000000000000002b       0x2c /opt/zephyr-sdk/riscv32-zephyr-elf/riscv32-zephyr-elf/lib/./libc.a(lib_a-ctype_.o)
 .comment       0x000000000000002b       0x2c /opt/zephyr-sdk/riscv32-zephyr-elf/riscv32-zephyr-elf/lib/./libc.a(lib_a-mlock.o)
 .comment       0x000000000000002b       0x2c /opt/zephyr-sdk/riscv32-zephyr-elf/riscv32-zephyr-elf/lib/./libc.a(lib_a-nano-svfprintf.o)
 .comment       0x000000000000002b       0x2c /opt/zephyr-sdk/riscv32-zephyr-elf/riscv32-zephyr-elf/lib/./libc.a(lib_a-nano-vfprintf_i.o)
 .comment       0x000000000000002b       0x2c /opt/zephyr-sdk/riscv32-zephyr-elf/riscv32-zephyr-elf/lib/./libc.a(lib_a-reent.o)
 .comment       0x000000000000002b       0x2c /opt/zephyr-sdk/riscv32-zephyr-elf/riscv32-zephyr-elf/lib/./libc.a(lib_a-signal.o)
 .comment       0x000000000000002b       0x2c /opt/zephyr-sdk/riscv32-zephyr-elf/riscv32-zephyr-elf/lib/./libc.a(lib_a-signalr.o)
 .comment       0x000000000000002b       0x2c /opt/zephyr-sdk/riscv32-zephyr-elf/riscv32-zephyr-elf/lib/./libc.a(lib_a-memchr.o)
 .comment       0x000000000000002b       0x2c /opt/zephyr-sdk/riscv32-zephyr-elf/riscv32-zephyr-elf/lib/./libc.a(lib_a-memmove.o)
 .comment       0x000000000000002b       0x2c /opt/zephyr-sdk/riscv32-zephyr-elf/riscv32-zephyr-elf/lib/./libc.a(lib_a-nano-reallocr.o)
 .comment       0x000000000000002b       0x2c /opt/zephyr-sdk/riscv32-zephyr-elf/riscv32-zephyr-elf/lib/./libc.a(lib_a-nano-msizer.o)

.debug
 *(SORT_BY_ALIGNMENT(.debug))

.line
 *(SORT_BY_ALIGNMENT(.line))

.debug_srcinfo
 *(SORT_BY_ALIGNMENT(.debug_srcinfo))

.debug_sfnames
 *(SORT_BY_ALIGNMENT(.debug_sfnames))

.debug_aranges  0x0000000000000000      0xea0
 *(SORT_BY_ALIGNMENT(.debug_aranges))
 .debug_aranges
                0x0000000000000000       0x20 libzephyr.a(isr.S.obj)
 .debug_aranges
                0x0000000000000020       0x28 libzephyr.a(reset.S.obj)
 .debug_aranges
                0x0000000000000048       0x28 libzephyr.a(swap.S.obj)
 .debug_aranges
                0x0000000000000070       0x28 libzephyr.a(soc_irq.S.obj)
 .debug_aranges
                0x0000000000000098       0x20 libzephyr.a(vector.S.obj)
 .debug_aranges
                0x00000000000000b8       0x20 /opt/zephyr-sdk/riscv32-zephyr-elf/riscv32-zephyr-elf/lib/./libc.a(lib_a-memset.o)
 .debug_aranges
                0x00000000000000d8       0x20 /opt/zephyr-sdk/riscv32-zephyr-elf/riscv32-zephyr-elf/lib/./libc.a(lib_a-setjmp.o)
 .debug_aranges
                0x00000000000000f8       0x20 /opt/zephyr-sdk/riscv32-zephyr-elf/riscv32-zephyr-elf/lib/./libc.a(lib_a-strcmp.o)
 .debug_aranges
                0x0000000000000118       0x18 CMakeFiles/kernel_elf.dir/isr_tables.c.obj
 .debug_aranges
                0x0000000000000130       0xb0 ../app/libapp.a(ripe_attack_generator.c.obj)
 .debug_aranges
                0x00000000000001e0       0x18 libzephyr.a(isr_tables.c.obj)
 .debug_aranges
                0x00000000000001f8       0x38 libzephyr.a(fatal.c.obj)
 .debug_aranges
                0x0000000000000230       0x20 libzephyr.a(irq_manage.c.obj)
 .debug_aranges
                0x0000000000000250       0x28 libzephyr.a(irq_offload.c.obj)
 .debug_aranges
                0x0000000000000278       0x20 libzephyr.a(prep_c.c.obj)
 .debug_aranges
                0x0000000000000298       0x20 libzephyr.a(thread.c.obj)
 .debug_aranges
                0x00000000000002b8       0x58 libzephyr.a(fdtable.c.obj)
 .debug_aranges
                0x0000000000000310       0xa0 libzephyr.a(mempool.c.obj)
 .debug_aranges
                0x00000000000003b0       0x20 libzephyr.a(thread_entry.c.obj)
 .debug_aranges
                0x00000000000003d0       0x88 libzephyr.a(printk.c.obj)
 .debug_aranges
                0x0000000000000458       0x20 libzephyr.a(configs.c.obj)
 .debug_aranges
                0x0000000000000478       0x28 libzephyr.a(idle.c.obj)
 .debug_aranges
                0x00000000000004a0       0x38 libzephyr.a(soc_common_irq.c.obj)
 .debug_aranges
                0x00000000000004d8       0x30 libzephyr.a(uart_console.c.obj)
 .debug_aranges
                0x0000000000000508       0x48 libzephyr.a(sys_clock_init.c.obj)
 .debug_aranges
                0x0000000000000550       0x50 libzephyr.a(riscv_machine_timer.c.obj)
 .debug_aranges
                0x00000000000005a0       0xa8 lib/libc/newlib/liblib__libc__newlib.a(libc-hooks.c.obj)
 .debug_aranges
                0x0000000000000648       0x30 drivers/serial/libdrivers__serial.a(uart_pulserain_rattlesnake.c.obj)
 .debug_aranges
                0x0000000000000678       0x38 kernel/libkernel.a(device.c.obj)
 .debug_aranges
                0x00000000000006b0       0x20 kernel/libkernel.a(errno.c.obj)
 .debug_aranges
                0x00000000000006d0       0x68 kernel/libkernel.a(init.c.obj)
 .debug_aranges
                0x0000000000000738      0x168 kernel/libkernel.a(sched.c.obj)
 .debug_aranges
                0x00000000000008a0       0xc0 kernel/libkernel.a(thread.c.obj)
 .debug_aranges
                0x0000000000000960       0x20 kernel/libkernel.a(thread_abort.c.obj)
 .debug_aranges
                0x0000000000000980       0xa0 kernel/libkernel.a(timeout.c.obj)
 .debug_aranges
                0x0000000000000a20       0x30 kernel/libkernel.a(idle.c.obj)
 .debug_aranges
                0x0000000000000a50       0x68 kernel/libkernel.a(mempool.c.obj)
 .debug_aranges
                0x0000000000000ab8       0x20 CMakeFiles/offsets.dir/arch/riscv32/core/offsets/offsets.c.obj
 .debug_aranges
                0x0000000000000ad8       0x20 /opt/zephyr-sdk/riscv32-zephyr-elf/bin/../lib/gcc/riscv32-zephyr-elf/8.3.0/libgcc.a(_udivdi3.o)
 .debug_aranges
                0x0000000000000af8       0x18 /opt/zephyr-sdk/riscv32-zephyr-elf/bin/../lib/gcc/riscv32-zephyr-elf/8.3.0/libgcc.a(_clz.o)
 .debug_aranges
                0x0000000000000b10       0x20 /opt/zephyr-sdk/riscv32-zephyr-elf/riscv32-zephyr-elf/lib/./libc.a(lib_a-exit.o)
 .debug_aranges
                0x0000000000000b30       0x18 /opt/zephyr-sdk/riscv32-zephyr-elf/riscv32-zephyr-elf/lib/./libc.a(lib_a-impure.o)
 .debug_aranges
                0x0000000000000b48       0x20 /opt/zephyr-sdk/riscv32-zephyr-elf/riscv32-zephyr-elf/lib/./libc.a(lib_a-malloc.o)
 .debug_aranges
                0x0000000000000b68       0x20 /opt/zephyr-sdk/riscv32-zephyr-elf/riscv32-zephyr-elf/lib/./libc.a(lib_a-memcpy.o)
 .debug_aranges
                0x0000000000000b88       0x20 /opt/zephyr-sdk/riscv32-zephyr-elf/riscv32-zephyr-elf/lib/./libc.a(lib_a-nano-freer.o)
 .debug_aranges
                0x0000000000000ba8       0x20 /opt/zephyr-sdk/riscv32-zephyr-elf/riscv32-zephyr-elf/lib/./libc.a(lib_a-nano-mallocr.o)
 .debug_aranges
                0x0000000000000bc8       0x20 /opt/zephyr-sdk/riscv32-zephyr-elf/riscv32-zephyr-elf/lib/./libc.a(lib_a-sbrkr.o)
 .debug_aranges
                0x0000000000000be8       0x20 /opt/zephyr-sdk/riscv32-zephyr-elf/riscv32-zephyr-elf/lib/./libc.a(lib_a-snprintf.o)
 .debug_aranges
                0x0000000000000c08       0x20 /opt/zephyr-sdk/riscv32-zephyr-elf/riscv32-zephyr-elf/lib/./libc.a(lib_a-strcat.o)
 .debug_aranges
                0x0000000000000c28       0x20 /opt/zephyr-sdk/riscv32-zephyr-elf/riscv32-zephyr-elf/lib/./libc.a(lib_a-strcat_chk.o)
 .debug_aranges
                0x0000000000000c48       0x20 /opt/zephyr-sdk/riscv32-zephyr-elf/riscv32-zephyr-elf/lib/./libc.a(lib_a-strcpy.o)
 .debug_aranges
                0x0000000000000c68       0x20 /opt/zephyr-sdk/riscv32-zephyr-elf/riscv32-zephyr-elf/lib/./libc.a(lib_a-strcpy_chk.o)
 .debug_aranges
                0x0000000000000c88       0x20 /opt/zephyr-sdk/riscv32-zephyr-elf/riscv32-zephyr-elf/lib/./libc.a(lib_a-strlen.o)
 .debug_aranges
                0x0000000000000ca8       0x20 /opt/zephyr-sdk/riscv32-zephyr-elf/riscv32-zephyr-elf/lib/./libc.a(lib_a-strncat.o)
 .debug_aranges
                0x0000000000000cc8       0x20 /opt/zephyr-sdk/riscv32-zephyr-elf/riscv32-zephyr-elf/lib/./libc.a(lib_a-strncat_chk.o)
 .debug_aranges
                0x0000000000000ce8       0x20 /opt/zephyr-sdk/riscv32-zephyr-elf/riscv32-zephyr-elf/lib/./libc.a(lib_a-strncpy.o)
 .debug_aranges
                0x0000000000000d08       0x20 /opt/zephyr-sdk/riscv32-zephyr-elf/riscv32-zephyr-elf/lib/./libc.a(lib_a-strtoul.o)
 .debug_aranges
                0x0000000000000d28       0x20 /opt/zephyr-sdk/riscv32-zephyr-elf/riscv32-zephyr-elf/lib/./libc.a(lib_a-chk_fail.o)
 .debug_aranges
                0x0000000000000d48       0x18 /opt/zephyr-sdk/riscv32-zephyr-elf/riscv32-zephyr-elf/lib/./libc.a(lib_a-ctype_.o)
 .debug_aranges
                0x0000000000000d60       0x20 /opt/zephyr-sdk/riscv32-zephyr-elf/riscv32-zephyr-elf/lib/./libc.a(lib_a-mlock.o)
 .debug_aranges
                0x0000000000000d80       0x20 /opt/zephyr-sdk/riscv32-zephyr-elf/riscv32-zephyr-elf/lib/./libc.a(lib_a-nano-svfprintf.o)
 .debug_aranges
                0x0000000000000da0       0x20 /opt/zephyr-sdk/riscv32-zephyr-elf/riscv32-zephyr-elf/lib/./libc.a(lib_a-nano-vfprintf_i.o)
 .debug_aranges
                0x0000000000000dc0       0x20 /opt/zephyr-sdk/riscv32-zephyr-elf/riscv32-zephyr-elf/lib/./libc.a(lib_a-reent.o)
 .debug_aranges
                0x0000000000000de0       0x20 /opt/zephyr-sdk/riscv32-zephyr-elf/riscv32-zephyr-elf/lib/./libc.a(lib_a-signal.o)
 .debug_aranges
                0x0000000000000e00       0x20 /opt/zephyr-sdk/riscv32-zephyr-elf/riscv32-zephyr-elf/lib/./libc.a(lib_a-signalr.o)
 .debug_aranges
                0x0000000000000e20       0x20 /opt/zephyr-sdk/riscv32-zephyr-elf/riscv32-zephyr-elf/lib/./libc.a(lib_a-memchr.o)
 .debug_aranges
                0x0000000000000e40       0x20 /opt/zephyr-sdk/riscv32-zephyr-elf/riscv32-zephyr-elf/lib/./libc.a(lib_a-memmove.o)
 .debug_aranges
                0x0000000000000e60       0x20 /opt/zephyr-sdk/riscv32-zephyr-elf/riscv32-zephyr-elf/lib/./libc.a(lib_a-nano-reallocr.o)
 .debug_aranges
                0x0000000000000e80       0x20 /opt/zephyr-sdk/riscv32-zephyr-elf/riscv32-zephyr-elf/lib/./libc.a(lib_a-nano-msizer.o)

.debug_pubnames
 *(SORT_BY_ALIGNMENT(.debug_pubnames))

.debug_info     0x0000000000000000    0x401e0
 *(SORT_BY_ALIGNMENT(.debug_info) SORT_BY_ALIGNMENT(.gnu.linkonce.wi.*))
 .debug_info    0x0000000000000000      0x1ed CMakeFiles/kernel_elf.dir/isr_tables.c.obj
 .debug_info    0x00000000000001ed     0x2e75 ../app/libapp.a(ripe_attack_generator.c.obj)
 .debug_info    0x0000000000003062      0x227 libzephyr.a(isr_tables.c.obj)
 .debug_info    0x0000000000003289     0x1a51 libzephyr.a(fatal.c.obj)
 .debug_info    0x0000000000004cda     0x120c libzephyr.a(irq_manage.c.obj)
 .debug_info    0x0000000000005ee6      0x32f libzephyr.a(irq_offload.c.obj)
 .debug_info    0x0000000000006215       0x26 libzephyr.a(isr.S.obj)
 .debug_info    0x000000000000623b     0x11ed libzephyr.a(prep_c.c.obj)
 .debug_info    0x0000000000007428       0x22 libzephyr.a(reset.S.obj)
 .debug_info    0x000000000000744a       0x22 libzephyr.a(swap.S.obj)
 .debug_info    0x000000000000746c     0x1400 libzephyr.a(thread.c.obj)
 .debug_info    0x000000000000886c     0x1561 libzephyr.a(fdtable.c.obj)
 .debug_info    0x0000000000009dcd     0x23bc libzephyr.a(mempool.c.obj)
 .debug_info    0x000000000000c189     0x1159 libzephyr.a(thread_entry.c.obj)
 .debug_info    0x000000000000d2e2     0x1b7e libzephyr.a(printk.c.obj)
 .debug_info    0x000000000000ee60       0x38 libzephyr.a(configs.c.obj)
 .debug_info    0x000000000000ee98     0x1127 libzephyr.a(idle.c.obj)
 .debug_info    0x000000000000ffbf       0x22 libzephyr.a(soc_irq.S.obj)
 .debug_info    0x000000000000ffe1      0x2e8 libzephyr.a(soc_common_irq.c.obj)
 .debug_info    0x00000000000102c9       0x26 libzephyr.a(vector.S.obj)
 .debug_info    0x00000000000102ef     0x14de libzephyr.a(uart_console.c.obj)
 .debug_info    0x00000000000117cd     0x1280 libzephyr.a(sys_clock_init.c.obj)
 .debug_info    0x0000000000012a4d     0x1684 libzephyr.a(riscv_machine_timer.c.obj)
 .debug_info    0x00000000000140d1     0x1848 lib/libc/newlib/liblib__libc__newlib.a(libc-hooks.c.obj)
 .debug_info    0x0000000000015919     0x13a1 drivers/serial/libdrivers__serial.a(uart_pulserain_rattlesnake.c.obj)
 .debug_info    0x0000000000016cba     0x125e kernel/libkernel.a(device.c.obj)
 .debug_info    0x0000000000017f18     0x1234 kernel/libkernel.a(errno.c.obj)
 .debug_info    0x000000000001914c     0x20f0 kernel/libkernel.a(init.c.obj)
 .debug_info    0x000000000001b23c     0x481c kernel/libkernel.a(sched.c.obj)
 .debug_info    0x000000000001fa58     0x2458 kernel/libkernel.a(thread.c.obj)
 .debug_info    0x0000000000021eb0     0x12fc kernel/libkernel.a(thread_abort.c.obj)
 .debug_info    0x00000000000231ac     0x20c8 kernel/libkernel.a(timeout.c.obj)
 .debug_info    0x0000000000025274     0x12ff kernel/libkernel.a(idle.c.obj)
 .debug_info    0x0000000000026573     0x1a98 kernel/libkernel.a(mempool.c.obj)
 .debug_info    0x000000000002800b     0x11a9 CMakeFiles/offsets.dir/arch/riscv32/core/offsets/offsets.c.obj
 .debug_info    0x00000000000291b4     0x1234 /opt/zephyr-sdk/riscv32-zephyr-elf/bin/../lib/gcc/riscv32-zephyr-elf/8.3.0/libgcc.a(_udivdi3.o)
 .debug_info    0x000000000002a3e8      0xb59 /opt/zephyr-sdk/riscv32-zephyr-elf/bin/../lib/gcc/riscv32-zephyr-elf/8.3.0/libgcc.a(_clz.o)
 .debug_info    0x000000000002af41      0x9b9 /opt/zephyr-sdk/riscv32-zephyr-elf/riscv32-zephyr-elf/lib/./libc.a(lib_a-exit.o)
 .debug_info    0x000000000002b8fa      0x900 /opt/zephyr-sdk/riscv32-zephyr-elf/riscv32-zephyr-elf/lib/./libc.a(lib_a-impure.o)
 .debug_info    0x000000000002c1fa      0x984 /opt/zephyr-sdk/riscv32-zephyr-elf/riscv32-zephyr-elf/lib/./libc.a(lib_a-malloc.o)
 .debug_info    0x000000000002cb7e     0x1020 /opt/zephyr-sdk/riscv32-zephyr-elf/riscv32-zephyr-elf/lib/./libc.a(lib_a-memcpy.o)
 .debug_info    0x000000000002db9e       0x26 /opt/zephyr-sdk/riscv32-zephyr-elf/riscv32-zephyr-elf/lib/./libc.a(lib_a-memset.o)
 .debug_info    0x000000000002dbc4      0xb14 /opt/zephyr-sdk/riscv32-zephyr-elf/riscv32-zephyr-elf/lib/./libc.a(lib_a-nano-freer.o)
 .debug_info    0x000000000002e6d8      0xbfa /opt/zephyr-sdk/riscv32-zephyr-elf/riscv32-zephyr-elf/lib/./libc.a(lib_a-nano-mallocr.o)
 .debug_info    0x000000000002f2d2      0x9c2 /opt/zephyr-sdk/riscv32-zephyr-elf/riscv32-zephyr-elf/lib/./libc.a(lib_a-sbrkr.o)
 .debug_info    0x000000000002fc94       0x26 /opt/zephyr-sdk/riscv32-zephyr-elf/riscv32-zephyr-elf/lib/./libc.a(lib_a-setjmp.o)
 .debug_info    0x000000000002fcba      0xc9c /opt/zephyr-sdk/riscv32-zephyr-elf/riscv32-zephyr-elf/lib/./libc.a(lib_a-snprintf.o)
 .debug_info    0x0000000000030956      0x92b /opt/zephyr-sdk/riscv32-zephyr-elf/riscv32-zephyr-elf/lib/./libc.a(lib_a-strcat.o)
 .debug_info    0x0000000000031281      0x964 /opt/zephyr-sdk/riscv32-zephyr-elf/riscv32-zephyr-elf/lib/./libc.a(lib_a-strcat_chk.o)
 .debug_info    0x0000000000031be5       0x26 /opt/zephyr-sdk/riscv32-zephyr-elf/riscv32-zephyr-elf/lib/./libc.a(lib_a-strcmp.o)
 .debug_info    0x0000000000031c0b      0x932 /opt/zephyr-sdk/riscv32-zephyr-elf/riscv32-zephyr-elf/lib/./libc.a(lib_a-strcpy.o)
 .debug_info    0x000000000003253d      0x9a4 /opt/zephyr-sdk/riscv32-zephyr-elf/riscv32-zephyr-elf/lib/./libc.a(lib_a-strcpy_chk.o)
 .debug_info    0x0000000000032ee1      0x923 /opt/zephyr-sdk/riscv32-zephyr-elf/riscv32-zephyr-elf/lib/./libc.a(lib_a-strlen.o)
 .debug_info    0x0000000000033804      0x945 /opt/zephyr-sdk/riscv32-zephyr-elf/riscv32-zephyr-elf/lib/./libc.a(lib_a-strncat.o)
 .debug_info    0x0000000000034149      0x974 /opt/zephyr-sdk/riscv32-zephyr-elf/riscv32-zephyr-elf/lib/./libc.a(lib_a-strncat_chk.o)
 .debug_info    0x0000000000034abd      0x95b /opt/zephyr-sdk/riscv32-zephyr-elf/riscv32-zephyr-elf/lib/./libc.a(lib_a-strncpy.o)
 .debug_info    0x0000000000035418     0x116d /opt/zephyr-sdk/riscv32-zephyr-elf/riscv32-zephyr-elf/lib/./libc.a(lib_a-strtoul.o)
 .debug_info    0x0000000000036585      0xa12 /opt/zephyr-sdk/riscv32-zephyr-elf/riscv32-zephyr-elf/lib/./libc.a(lib_a-chk_fail.o)
 .debug_info    0x0000000000036f97      0xe67 /opt/zephyr-sdk/riscv32-zephyr-elf/riscv32-zephyr-elf/lib/./libc.a(lib_a-ctype_.o)
 .debug_info    0x0000000000037dfe      0x92a /opt/zephyr-sdk/riscv32-zephyr-elf/riscv32-zephyr-elf/lib/./libc.a(lib_a-mlock.o)
 .debug_info    0x0000000000038728     0x1746 /opt/zephyr-sdk/riscv32-zephyr-elf/riscv32-zephyr-elf/lib/./libc.a(lib_a-nano-svfprintf.o)
 .debug_info    0x0000000000039e6e     0x150f /opt/zephyr-sdk/riscv32-zephyr-elf/riscv32-zephyr-elf/lib/./libc.a(lib_a-nano-vfprintf_i.o)
 .debug_info    0x000000000003b37d      0xa3d /opt/zephyr-sdk/riscv32-zephyr-elf/riscv32-zephyr-elf/lib/./libc.a(lib_a-reent.o)
 .debug_info    0x000000000003bdba      0xc56 /opt/zephyr-sdk/riscv32-zephyr-elf/riscv32-zephyr-elf/lib/./libc.a(lib_a-signal.o)
 .debug_info    0x000000000003ca10      0xa03 /opt/zephyr-sdk/riscv32-zephyr-elf/riscv32-zephyr-elf/lib/./libc.a(lib_a-signalr.o)
 .debug_info    0x000000000003d413      0x963 /opt/zephyr-sdk/riscv32-zephyr-elf/riscv32-zephyr-elf/lib/./libc.a(lib_a-memchr.o)
 .debug_info    0x000000000003dd76      0xeb4 /opt/zephyr-sdk/riscv32-zephyr-elf/riscv32-zephyr-elf/lib/./libc.a(lib_a-memmove.o)
 .debug_info    0x000000000003ec2a      0xb44 /opt/zephyr-sdk/riscv32-zephyr-elf/riscv32-zephyr-elf/lib/./libc.a(lib_a-nano-reallocr.o)
 .debug_info    0x000000000003f76e      0xa72 /opt/zephyr-sdk/riscv32-zephyr-elf/riscv32-zephyr-elf/lib/./libc.a(lib_a-nano-msizer.o)

.debug_abbrev   0x0000000000000000     0xa650
 *(SORT_BY_ALIGNMENT(.debug_abbrev))
 .debug_abbrev  0x0000000000000000       0xbf CMakeFiles/kernel_elf.dir/isr_tables.c.obj
 .debug_abbrev  0x00000000000000bf      0x4a0 ../app/libapp.a(ripe_attack_generator.c.obj)
 .debug_abbrev  0x000000000000055f       0xd2 libzephyr.a(isr_tables.c.obj)
 .debug_abbrev  0x0000000000000631      0x3a4 libzephyr.a(fatal.c.obj)
 .debug_abbrev  0x00000000000009d5      0x26d libzephyr.a(irq_manage.c.obj)
 .debug_abbrev  0x0000000000000c42      0x1d7 libzephyr.a(irq_offload.c.obj)
 .debug_abbrev  0x0000000000000e19       0x14 libzephyr.a(isr.S.obj)
 .debug_abbrev  0x0000000000000e2d      0x232 libzephyr.a(prep_c.c.obj)
 .debug_abbrev  0x000000000000105f       0x12 libzephyr.a(reset.S.obj)
 .debug_abbrev  0x0000000000001071       0x12 libzephyr.a(swap.S.obj)
 .debug_abbrev  0x0000000000001083      0x31b libzephyr.a(thread.c.obj)
 .debug_abbrev  0x000000000000139e      0x367 libzephyr.a(fdtable.c.obj)
 .debug_abbrev  0x0000000000001705      0x550 libzephyr.a(mempool.c.obj)
 .debug_abbrev  0x0000000000001c55      0x2a1 libzephyr.a(thread_entry.c.obj)
 .debug_abbrev  0x0000000000001ef6      0x48d libzephyr.a(printk.c.obj)
 .debug_abbrev  0x0000000000002383       0x2e libzephyr.a(configs.c.obj)
 .debug_abbrev  0x00000000000023b1      0x272 libzephyr.a(idle.c.obj)
 .debug_abbrev  0x0000000000002623       0x12 libzephyr.a(soc_irq.S.obj)
 .debug_abbrev  0x0000000000002635      0x162 libzephyr.a(soc_common_irq.c.obj)
 .debug_abbrev  0x0000000000002797       0x14 libzephyr.a(vector.S.obj)
 .debug_abbrev  0x00000000000027ab      0x3c0 libzephyr.a(uart_console.c.obj)
 .debug_abbrev  0x0000000000002b6b      0x2ae libzephyr.a(sys_clock_init.c.obj)
 .debug_abbrev  0x0000000000002e19      0x3f3 libzephyr.a(riscv_machine_timer.c.obj)
 .debug_abbrev  0x000000000000320c      0x377 lib/libc/newlib/liblib__libc__newlib.a(libc-hooks.c.obj)
 .debug_abbrev  0x0000000000003583      0x261 drivers/serial/libdrivers__serial.a(uart_pulserain_rattlesnake.c.obj)
 .debug_abbrev  0x00000000000037e4      0x2ba kernel/libkernel.a(device.c.obj)
 .debug_abbrev  0x0000000000003a9e      0x245 kernel/libkernel.a(errno.c.obj)
 .debug_abbrev  0x0000000000003ce3      0x5ad kernel/libkernel.a(init.c.obj)
 .debug_abbrev  0x0000000000004290      0x643 kernel/libkernel.a(sched.c.obj)
 .debug_abbrev  0x00000000000048d3      0x585 kernel/libkernel.a(thread.c.obj)
 .debug_abbrev  0x0000000000004e58      0x2f5 kernel/libkernel.a(thread_abort.c.obj)
 .debug_abbrev  0x000000000000514d      0x48b kernel/libkernel.a(timeout.c.obj)
 .debug_abbrev  0x00000000000055d8      0x2fd kernel/libkernel.a(idle.c.obj)
 .debug_abbrev  0x00000000000058d5      0x42d kernel/libkernel.a(mempool.c.obj)
 .debug_abbrev  0x0000000000005d02      0x212 CMakeFiles/offsets.dir/arch/riscv32/core/offsets/offsets.c.obj
 .debug_abbrev  0x0000000000005f14      0x2cc /opt/zephyr-sdk/riscv32-zephyr-elf/bin/../lib/gcc/riscv32-zephyr-elf/8.3.0/libgcc.a(_udivdi3.o)
 .debug_abbrev  0x00000000000061e0      0x1e8 /opt/zephyr-sdk/riscv32-zephyr-elf/bin/../lib/gcc/riscv32-zephyr-elf/8.3.0/libgcc.a(_clz.o)
 .debug_abbrev  0x00000000000063c8      0x231 /opt/zephyr-sdk/riscv32-zephyr-elf/riscv32-zephyr-elf/lib/./libc.a(lib_a-exit.o)
 .debug_abbrev  0x00000000000065f9      0x1b8 /opt/zephyr-sdk/riscv32-zephyr-elf/riscv32-zephyr-elf/lib/./libc.a(lib_a-impure.o)
 .debug_abbrev  0x00000000000067b1      0x22d /opt/zephyr-sdk/riscv32-zephyr-elf/riscv32-zephyr-elf/lib/./libc.a(lib_a-malloc.o)
 .debug_abbrev  0x00000000000069de      0x25f /opt/zephyr-sdk/riscv32-zephyr-elf/riscv32-zephyr-elf/lib/./libc.a(lib_a-memcpy.o)
 .debug_abbrev  0x0000000000006c3d       0x14 /opt/zephyr-sdk/riscv32-zephyr-elf/riscv32-zephyr-elf/lib/./libc.a(lib_a-memset.o)
 .debug_abbrev  0x0000000000006c51      0x2a2 /opt/zephyr-sdk/riscv32-zephyr-elf/riscv32-zephyr-elf/lib/./libc.a(lib_a-nano-freer.o)
 .debug_abbrev  0x0000000000006ef3      0x307 /opt/zephyr-sdk/riscv32-zephyr-elf/riscv32-zephyr-elf/lib/./libc.a(lib_a-nano-mallocr.o)
 .debug_abbrev  0x00000000000071fa      0x247 /opt/zephyr-sdk/riscv32-zephyr-elf/riscv32-zephyr-elf/lib/./libc.a(lib_a-sbrkr.o)
 .debug_abbrev  0x0000000000007441       0x14 /opt/zephyr-sdk/riscv32-zephyr-elf/riscv32-zephyr-elf/lib/./libc.a(lib_a-setjmp.o)
 .debug_abbrev  0x0000000000007455      0x280 /opt/zephyr-sdk/riscv32-zephyr-elf/riscv32-zephyr-elf/lib/./libc.a(lib_a-snprintf.o)
 .debug_abbrev  0x00000000000076d5      0x1e7 /opt/zephyr-sdk/riscv32-zephyr-elf/riscv32-zephyr-elf/lib/./libc.a(lib_a-strcat.o)
 .debug_abbrev  0x00000000000078bc      0x218 /opt/zephyr-sdk/riscv32-zephyr-elf/riscv32-zephyr-elf/lib/./libc.a(lib_a-strcat_chk.o)
 .debug_abbrev  0x0000000000007ad4       0x14 /opt/zephyr-sdk/riscv32-zephyr-elf/riscv32-zephyr-elf/lib/./libc.a(lib_a-strcmp.o)
 .debug_abbrev  0x0000000000007ae8      0x1f1 /opt/zephyr-sdk/riscv32-zephyr-elf/riscv32-zephyr-elf/lib/./libc.a(lib_a-strcpy.o)
 .debug_abbrev  0x0000000000007cd9      0x23f /opt/zephyr-sdk/riscv32-zephyr-elf/riscv32-zephyr-elf/lib/./libc.a(lib_a-strcpy_chk.o)
 .debug_abbrev  0x0000000000007f18      0x1e0 /opt/zephyr-sdk/riscv32-zephyr-elf/riscv32-zephyr-elf/lib/./libc.a(lib_a-strlen.o)
 .debug_abbrev  0x00000000000080f8      0x1e7 /opt/zephyr-sdk/riscv32-zephyr-elf/riscv32-zephyr-elf/lib/./libc.a(lib_a-strncat.o)
 .debug_abbrev  0x00000000000082df      0x218 /opt/zephyr-sdk/riscv32-zephyr-elf/riscv32-zephyr-elf/lib/./libc.a(lib_a-strncat_chk.o)
 .debug_abbrev  0x00000000000084f7      0x1f8 /opt/zephyr-sdk/riscv32-zephyr-elf/riscv32-zephyr-elf/lib/./libc.a(lib_a-strncpy.o)
 .debug_abbrev  0x00000000000086ef      0x2c7 /opt/zephyr-sdk/riscv32-zephyr-elf/riscv32-zephyr-elf/lib/./libc.a(lib_a-strtoul.o)
 .debug_abbrev  0x00000000000089b6      0x22d /opt/zephyr-sdk/riscv32-zephyr-elf/riscv32-zephyr-elf/lib/./libc.a(lib_a-chk_fail.o)
 .debug_abbrev  0x0000000000008be3      0x1b6 /opt/zephyr-sdk/riscv32-zephyr-elf/riscv32-zephyr-elf/lib/./libc.a(lib_a-ctype_.o)
 .debug_abbrev  0x0000000000008d99      0x1f2 /opt/zephyr-sdk/riscv32-zephyr-elf/riscv32-zephyr-elf/lib/./libc.a(lib_a-mlock.o)
 .debug_abbrev  0x0000000000008f8b      0x346 /opt/zephyr-sdk/riscv32-zephyr-elf/riscv32-zephyr-elf/lib/./libc.a(lib_a-nano-svfprintf.o)
 .debug_abbrev  0x00000000000092d1      0x2ef /opt/zephyr-sdk/riscv32-zephyr-elf/riscv32-zephyr-elf/lib/./libc.a(lib_a-nano-vfprintf_i.o)
 .debug_abbrev  0x00000000000095c0      0x29b /opt/zephyr-sdk/riscv32-zephyr-elf/riscv32-zephyr-elf/lib/./libc.a(lib_a-reent.o)
 .debug_abbrev  0x000000000000985b      0x32a /opt/zephyr-sdk/riscv32-zephyr-elf/riscv32-zephyr-elf/lib/./libc.a(lib_a-signal.o)
 .debug_abbrev  0x0000000000009b85      0x23c /opt/zephyr-sdk/riscv32-zephyr-elf/riscv32-zephyr-elf/lib/./libc.a(lib_a-signalr.o)
 .debug_abbrev  0x0000000000009dc1      0x209 /opt/zephyr-sdk/riscv32-zephyr-elf/riscv32-zephyr-elf/lib/./libc.a(lib_a-memchr.o)
 .debug_abbrev  0x0000000000009fca      0x200 /opt/zephyr-sdk/riscv32-zephyr-elf/riscv32-zephyr-elf/lib/./libc.a(lib_a-memmove.o)
 .debug_abbrev  0x000000000000a1ca      0x26c /opt/zephyr-sdk/riscv32-zephyr-elf/riscv32-zephyr-elf/lib/./libc.a(lib_a-nano-reallocr.o)
 .debug_abbrev  0x000000000000a436      0x21a /opt/zephyr-sdk/riscv32-zephyr-elf/riscv32-zephyr-elf/lib/./libc.a(lib_a-nano-msizer.o)

.debug_line     0x0000000000000000    0x19b82
 *(SORT_BY_ALIGNMENT(.debug_line) SORT_BY_ALIGNMENT(.debug_line.*) SORT_BY_ALIGNMENT(.debug_line_end))
 .debug_line    0x0000000000000000       0xf3 CMakeFiles/kernel_elf.dir/isr_tables.c.obj
 .debug_line    0x00000000000000f3     0x250f ../app/libapp.a(ripe_attack_generator.c.obj)
 .debug_line    0x0000000000002602       0xdb libzephyr.a(isr_tables.c.obj)
 .debug_line    0x00000000000026dd      0x599 libzephyr.a(fatal.c.obj)
 .debug_line    0x0000000000002c76      0x30a libzephyr.a(irq_manage.c.obj)
 .debug_line    0x0000000000002f80      0x1ff libzephyr.a(irq_offload.c.obj)
 .debug_line    0x000000000000317f      0x345 libzephyr.a(isr.S.obj)
 .debug_line    0x00000000000034c4      0x330 libzephyr.a(prep_c.c.obj)
 .debug_line    0x00000000000037f4       0xaa libzephyr.a(reset.S.obj)
 .debug_line    0x000000000000389e       0x99 libzephyr.a(swap.S.obj)
 .debug_line    0x0000000000003937      0x42f libzephyr.a(thread.c.obj)
 .debug_line    0x0000000000003d66      0x68e libzephyr.a(fdtable.c.obj)
 .debug_line    0x00000000000043f4     0x14e2 libzephyr.a(mempool.c.obj)
 .debug_line    0x00000000000058d6      0x2e9 libzephyr.a(thread_entry.c.obj)
 .debug_line    0x0000000000005bbf      0xed6 libzephyr.a(printk.c.obj)
 .debug_line    0x0000000000006a95      0x2b6 libzephyr.a(configs.c.obj)
 .debug_line    0x0000000000006d4b      0x320 libzephyr.a(idle.c.obj)
 .debug_line    0x000000000000706b       0xb7 libzephyr.a(soc_irq.S.obj)
 .debug_line    0x0000000000007122      0x1f7 libzephyr.a(soc_common_irq.c.obj)
 .debug_line    0x0000000000007319       0x7c libzephyr.a(vector.S.obj)
 .debug_line    0x0000000000007395      0x460 libzephyr.a(uart_console.c.obj)
 .debug_line    0x00000000000077f5      0x328 libzephyr.a(sys_clock_init.c.obj)
 .debug_line    0x0000000000007b1d      0x799 libzephyr.a(riscv_machine_timer.c.obj)
 .debug_line    0x00000000000082b6      0x7a3 lib/libc/newlib/liblib__libc__newlib.a(libc-hooks.c.obj)
 .debug_line    0x0000000000008a59      0x393 drivers/serial/libdrivers__serial.a(uart_pulserain_rattlesnake.c.obj)
 .debug_line    0x0000000000008dec      0x4a7 kernel/libkernel.a(device.c.obj)
 .debug_line    0x0000000000009293      0x2cb kernel/libkernel.a(errno.c.obj)
 .debug_line    0x000000000000955e      0x89a kernel/libkernel.a(init.c.obj)
 .debug_line    0x0000000000009df8     0x2f23 kernel/libkernel.a(sched.c.obj)
 .debug_line    0x000000000000cd1b      0xd7d kernel/libkernel.a(thread.c.obj)
 .debug_line    0x000000000000da98      0x352 kernel/libkernel.a(thread_abort.c.obj)
 .debug_line    0x000000000000ddea     0x1170 kernel/libkernel.a(timeout.c.obj)
 .debug_line    0x000000000000ef5a      0x41a kernel/libkernel.a(idle.c.obj)
 .debug_line    0x000000000000f374      0x8a2 kernel/libkernel.a(mempool.c.obj)
 .debug_line    0x000000000000fc16      0x440 CMakeFiles/offsets.dir/arch/riscv32/core/offsets/offsets.c.obj
 .debug_line    0x0000000000010056      0xa91 /opt/zephyr-sdk/riscv32-zephyr-elf/bin/../lib/gcc/riscv32-zephyr-elf/8.3.0/libgcc.a(_udivdi3.o)
 .debug_line    0x0000000000010ae7      0x3cd /opt/zephyr-sdk/riscv32-zephyr-elf/bin/../lib/gcc/riscv32-zephyr-elf/8.3.0/libgcc.a(_clz.o)
 .debug_line    0x0000000000010eb4      0x324 /opt/zephyr-sdk/riscv32-zephyr-elf/riscv32-zephyr-elf/lib/./libc.a(lib_a-exit.o)
 .debug_line    0x00000000000111d8      0x1f8 /opt/zephyr-sdk/riscv32-zephyr-elf/riscv32-zephyr-elf/lib/./libc.a(lib_a-impure.o)
 .debug_line    0x00000000000113d0      0x2cd /opt/zephyr-sdk/riscv32-zephyr-elf/riscv32-zephyr-elf/lib/./libc.a(lib_a-malloc.o)
 .debug_line    0x000000000001169d      0x688 /opt/zephyr-sdk/riscv32-zephyr-elf/riscv32-zephyr-elf/lib/./libc.a(lib_a-memcpy.o)
 .debug_line    0x0000000000011d25      0x20a /opt/zephyr-sdk/riscv32-zephyr-elf/riscv32-zephyr-elf/lib/./libc.a(lib_a-memset.o)
 .debug_line    0x0000000000011f2f      0x585 /opt/zephyr-sdk/riscv32-zephyr-elf/riscv32-zephyr-elf/lib/./libc.a(lib_a-nano-freer.o)
 .debug_line    0x00000000000124b4      0x5c4 /opt/zephyr-sdk/riscv32-zephyr-elf/riscv32-zephyr-elf/lib/./libc.a(lib_a-nano-mallocr.o)
 .debug_line    0x0000000000012a78      0x342 /opt/zephyr-sdk/riscv32-zephyr-elf/riscv32-zephyr-elf/lib/./libc.a(lib_a-sbrkr.o)
 .debug_line    0x0000000000012dba      0x186 /opt/zephyr-sdk/riscv32-zephyr-elf/riscv32-zephyr-elf/lib/./libc.a(lib_a-setjmp.o)
 .debug_line    0x0000000000012f40      0x601 /opt/zephyr-sdk/riscv32-zephyr-elf/riscv32-zephyr-elf/lib/./libc.a(lib_a-snprintf.o)
 .debug_line    0x0000000000013541      0x30f /opt/zephyr-sdk/riscv32-zephyr-elf/riscv32-zephyr-elf/lib/./libc.a(lib_a-strcat.o)
 .debug_line    0x0000000000013850      0x365 /opt/zephyr-sdk/riscv32-zephyr-elf/riscv32-zephyr-elf/lib/./libc.a(lib_a-strcat_chk.o)
 .debug_line    0x0000000000013bb5      0x1b6 /opt/zephyr-sdk/riscv32-zephyr-elf/riscv32-zephyr-elf/lib/./libc.a(lib_a-strcmp.o)
 .debug_line    0x0000000000013d6b      0x342 /opt/zephyr-sdk/riscv32-zephyr-elf/riscv32-zephyr-elf/lib/./libc.a(lib_a-strcpy.o)
 .debug_line    0x00000000000140ad      0x3ea /opt/zephyr-sdk/riscv32-zephyr-elf/riscv32-zephyr-elf/lib/./libc.a(lib_a-strcpy_chk.o)
 .debug_line    0x0000000000014497      0x2fc /opt/zephyr-sdk/riscv32-zephyr-elf/riscv32-zephyr-elf/lib/./libc.a(lib_a-strlen.o)
 .debug_line    0x0000000000014793      0x334 /opt/zephyr-sdk/riscv32-zephyr-elf/riscv32-zephyr-elf/lib/./libc.a(lib_a-strncat.o)
 .debug_line    0x0000000000014ac7      0x3a4 /opt/zephyr-sdk/riscv32-zephyr-elf/riscv32-zephyr-elf/lib/./libc.a(lib_a-strncat_chk.o)
 .debug_line    0x0000000000014e6b      0x33b /opt/zephyr-sdk/riscv32-zephyr-elf/riscv32-zephyr-elf/lib/./libc.a(lib_a-strncpy.o)
 .debug_line    0x00000000000151a6      0x740 /opt/zephyr-sdk/riscv32-zephyr-elf/riscv32-zephyr-elf/lib/./libc.a(lib_a-strtoul.o)
 .debug_line    0x00000000000158e6      0x2ff /opt/zephyr-sdk/riscv32-zephyr-elf/riscv32-zephyr-elf/lib/./libc.a(lib_a-chk_fail.o)
 .debug_line    0x0000000000015be5      0x2ba /opt/zephyr-sdk/riscv32-zephyr-elf/riscv32-zephyr-elf/lib/./libc.a(lib_a-ctype_.o)
 .debug_line    0x0000000000015e9f      0x2a3 /opt/zephyr-sdk/riscv32-zephyr-elf/riscv32-zephyr-elf/lib/./libc.a(lib_a-mlock.o)
 .debug_line    0x0000000000016142     0x10eb /opt/zephyr-sdk/riscv32-zephyr-elf/riscv32-zephyr-elf/lib/./libc.a(lib_a-nano-svfprintf.o)
 .debug_line    0x000000000001722d      0xd04 /opt/zephyr-sdk/riscv32-zephyr-elf/riscv32-zephyr-elf/lib/./libc.a(lib_a-nano-vfprintf_i.o)
 .debug_line    0x0000000000017f31      0x449 /opt/zephyr-sdk/riscv32-zephyr-elf/riscv32-zephyr-elf/lib/./libc.a(lib_a-reent.o)
 .debug_line    0x000000000001837a      0x728 /opt/zephyr-sdk/riscv32-zephyr-elf/riscv32-zephyr-elf/lib/./libc.a(lib_a-signal.o)
 .debug_line    0x0000000000018aa2      0x368 /opt/zephyr-sdk/riscv32-zephyr-elf/riscv32-zephyr-elf/lib/./libc.a(lib_a-signalr.o)
 .debug_line    0x0000000000018e0a      0x2fc /opt/zephyr-sdk/riscv32-zephyr-elf/riscv32-zephyr-elf/lib/./libc.a(lib_a-memchr.o)
 .debug_line    0x0000000000019106      0x401 /opt/zephyr-sdk/riscv32-zephyr-elf/riscv32-zephyr-elf/lib/./libc.a(lib_a-memmove.o)
 .debug_line    0x0000000000019507      0x37a /opt/zephyr-sdk/riscv32-zephyr-elf/riscv32-zephyr-elf/lib/./libc.a(lib_a-nano-reallocr.o)
 .debug_line    0x0000000000019881      0x301 /opt/zephyr-sdk/riscv32-zephyr-elf/riscv32-zephyr-elf/lib/./libc.a(lib_a-nano-msizer.o)

.debug_frame    0x0000000000000000     0x21f4
 *(SORT_BY_ALIGNMENT(.debug_frame))
 .debug_frame   0x0000000000000000      0x268 ../app/libapp.a(ripe_attack_generator.c.obj)
 .debug_frame   0x0000000000000268       0x70 libzephyr.a(fatal.c.obj)
 .debug_frame   0x00000000000002d8       0x28 libzephyr.a(irq_manage.c.obj)
 .debug_frame   0x0000000000000300       0x3c libzephyr.a(irq_offload.c.obj)
 .debug_frame   0x000000000000033c       0x28 libzephyr.a(prep_c.c.obj)
 .debug_frame   0x0000000000000364       0x4c libzephyr.a(thread.c.obj)
 .debug_frame   0x00000000000003b0      0x10c libzephyr.a(fdtable.c.obj)
 .debug_frame   0x00000000000004bc      0x280 libzephyr.a(mempool.c.obj)
 .debug_frame   0x000000000000073c       0x28 libzephyr.a(thread_entry.c.obj)
 .debug_frame   0x0000000000000764      0x1fc libzephyr.a(printk.c.obj)
 .debug_frame   0x0000000000000960       0x20 libzephyr.a(configs.c.obj)
 .debug_frame   0x0000000000000980       0x30 libzephyr.a(idle.c.obj)
 .debug_frame   0x00000000000009b0       0x50 libzephyr.a(soc_common_irq.c.obj)
 .debug_frame   0x0000000000000a00       0x70 libzephyr.a(uart_console.c.obj)
 .debug_frame   0x0000000000000a70       0x70 libzephyr.a(sys_clock_init.c.obj)
 .debug_frame   0x0000000000000ae0       0xd8 libzephyr.a(riscv_machine_timer.c.obj)
 .debug_frame   0x0000000000000bb8      0x194 lib/libc/newlib/liblib__libc__newlib.a(libc-hooks.c.obj)
 .debug_frame   0x0000000000000d4c       0x40 drivers/serial/libdrivers__serial.a(uart_pulserain_rattlesnake.c.obj)
 .debug_frame   0x0000000000000d8c       0x7c kernel/libkernel.a(device.c.obj)
 .debug_frame   0x0000000000000e08       0x20 kernel/libkernel.a(errno.c.obj)
 .debug_frame   0x0000000000000e28      0x110 kernel/libkernel.a(init.c.obj)
 .debug_frame   0x0000000000000f38      0x55c kernel/libkernel.a(sched.c.obj)
 .debug_frame   0x0000000000001494      0x23c kernel/libkernel.a(thread.c.obj)
 .debug_frame   0x00000000000016d0       0x30 kernel/libkernel.a(thread_abort.c.obj)
 .debug_frame   0x0000000000001700      0x210 kernel/libkernel.a(timeout.c.obj)
 .debug_frame   0x0000000000001910       0x60 kernel/libkernel.a(idle.c.obj)
 .debug_frame   0x0000000000001970      0x140 kernel/libkernel.a(mempool.c.obj)
 .debug_frame   0x0000000000001ab0       0x20 CMakeFiles/offsets.dir/arch/riscv32/core/offsets/offsets.c.obj
 .debug_frame   0x0000000000001ad0       0x28 /opt/zephyr-sdk/riscv32-zephyr-elf/riscv32-zephyr-elf/lib/./libc.a(lib_a-exit.o)
 .debug_frame   0x0000000000001af8       0x30 /opt/zephyr-sdk/riscv32-zephyr-elf/riscv32-zephyr-elf/lib/./libc.a(lib_a-malloc.o)
 .debug_frame   0x0000000000001b28       0x20 /opt/zephyr-sdk/riscv32-zephyr-elf/riscv32-zephyr-elf/lib/./libc.a(lib_a-memcpy.o)
 .debug_frame   0x0000000000001b48       0x40 /opt/zephyr-sdk/riscv32-zephyr-elf/riscv32-zephyr-elf/lib/./libc.a(lib_a-nano-freer.o)
 .debug_frame   0x0000000000001b88       0x40 /opt/zephyr-sdk/riscv32-zephyr-elf/riscv32-zephyr-elf/lib/./libc.a(lib_a-nano-mallocr.o)
 .debug_frame   0x0000000000001bc8       0x34 /opt/zephyr-sdk/riscv32-zephyr-elf/riscv32-zephyr-elf/lib/./libc.a(lib_a-sbrkr.o)
 .debug_frame   0x0000000000001bfc       0x68 /opt/zephyr-sdk/riscv32-zephyr-elf/riscv32-zephyr-elf/lib/./libc.a(lib_a-snprintf.o)
 .debug_frame   0x0000000000001c64       0x20 /opt/zephyr-sdk/riscv32-zephyr-elf/riscv32-zephyr-elf/lib/./libc.a(lib_a-strcat.o)